SPRINT 2 RATIO EDGE CASE LOG
============================================================

ABB | 2012-12 | ROCE difference = 9.68% | Category: FORMULA_DISCREPANCY
ABB | 2012-12 | ROE difference = 12.49% | Category: FORMULA_DISCREPANCY
ABB | 2014-03 | ROCE difference = 5.90% | Category: FORMULA_DISCREPANCY
ABB | 2014-03 | ROE difference = 9.77% | Category: FORMULA_DISCREPANCY
ABB | 2015-03 | ROCE difference = 7.58% | Category: FORMULA_DISCREPANCY
ABB | 2015-03 | ROE difference = 10.46% | Category: FORMULA_DISCREPANCY
ABB | 2016-03 | ROCE difference = 11.27% | Category: FORMULA_DISCREPANCY
ABB | 2016-03 | ROE difference = 13.56% | Category: FORMULA_DISCREPANCY
ABB | 2017-03 | ROCE difference = 13.20% | Category: FORMULA_DISCREPANCY
ABB | 2017-03 | ROE difference = 14.93% | Category: FORMULA_DISCREPANCY
ABB | 2018-03 | ROCE difference = 8.08% | Category: FORMULA_DISCREPANCY
ABB | 2018-03 | ROE difference = 11.21% | Category: FORMULA_DISCREPANCY
ABB | 2019-03 | ROCE difference = 10.24% | Category: FORMULA_DISCREPANCY
ABB | 2019-03 | ROE difference = 12.49% | Category: FORMULA_DISCREPANCY
ABB | 2020-03 | ROCE difference = 12.58% | Category: FORMULA_DISCREPANCY
ABB | 2020-03 | ROE difference = 10.51% | Category: FORMULA_DISCREPANCY
ABB | 2021-03 | ROCE difference = 9.59% | Category: FORMULA_DISCREPANCY
ABB | 2021-03 | ROE difference = 8.34% | Category: FORMULA_DISCREPANCY
ABB | 2022-03 | ROCE difference = 6.80% | Category: FORMULA_DISCREPANCY
ABB | 2022-03 | ROE difference = 6.57% | Category: FORMULA_DISCREPANCY
ABB | 2023-03 | ROE difference = 5.13% | Category: FORMULA_DISCREPANCY
ADANIENSOL | 2014-03 | ROCE difference = 9.00% | Category: FORMULA_DISCREPANCY
ADANIENSOL | 2014-03 | ROE difference = 8.59% | Category: FORMULA_DISCREPANCY
ADANIENSOL | 2015-03 | ROCE difference = 8.04% | Category: FORMULA_DISCREPANCY
ADANIENSOL | 2015-03 | ROE difference = 9.24% | Category: FORMULA_DISCREPANCY
ADANIENSOL | 2016-03 | ROCE difference = 8.74% | Category: FORMULA_DISCREPANCY
ADANIENSOL | 2016-03 | ROE difference = 5.18% | Category: FORMULA_DISCREPANCY
ADANIENSOL | 2017-03 | ROCE difference = 7.82% | Category: FORMULA_DISCREPANCY
ADANIENSOL | 2017-03 | ROE difference = 5.53% | Category: FORMULA_DISCREPANCY
ADANIENSOL | 2018-03 | ROCE difference = 8.82% | Category: FORMULA_DISCREPANCY
ADANIENSOL | 2018-03 | ROE difference = 10.28% | Category: FORMULA_DISCREPANCY
ADANIENSOL | 2021-03 | ROCE difference = 5.06% | Category: FORMULA_DISCREPANCY
ADANIENSOL | 2021-03 | ROE difference = 5.87% | Category: FORMULA_DISCREPANCY
ADANIENT | 2013-03 | ROE difference = 7.95% | Category: FORMULA_DISCREPANCY
ADANIENT | 2016-03 | ROE difference = 6.17% | Category: FORMULA_DISCREPANCY
ADANIENT | 2017-03 | ROE difference = 7.10% | Category: FORMULA_DISCREPANCY
ADANIENT | 2018-03 | ROE difference = 9.70% | Category: FORMULA_DISCREPANCY
ADANIENT | 2019-03 | ROE difference = 10.21% | Category: FORMULA_DISCREPANCY
ADANIENT | 2020-03 | ROE difference = 7.50% | Category: FORMULA_DISCREPANCY
ADANIENT | 2021-03 | ROE difference = 7.54% | Category: FORMULA_DISCREPANCY
ADANIENT | 2022-03 | ROE difference = 10.10% | Category: FORMULA_DISCREPANCY
ADANIENT | 2023-03 | ROE difference = 6.31% | Category: FORMULA_DISCREPANCY
ADANIENT | 2024-03 | ROE difference = 5.11% | Category: FORMULA_DISCREPANCY
ADANIGREEN | 2017-03 | ROCE difference = 87.80% | Category: VERSION_DIFFERENCE
ADANIGREEN | 2017-03 | ROE difference = 18.61% | Category: FORMULA_DISCREPANCY
ADANIGREEN | 2018-03 | ROCE difference = 88.60% | Category: VERSION_DIFFERENCE
ADANIGREEN | 2018-03 | ROE difference = 24.99% | Category: VERSION_DIFFERENCE
ADANIGREEN | 2019-03 | ROCE difference = 84.27% | Category: VERSION_DIFFERENCE
ADANIGREEN | 2019-03 | ROE difference = 39.27% | Category: VERSION_DIFFERENCE
ADANIGREEN | 2020-03 | ROCE difference = 88.73% | Category: VERSION_DIFFERENCE
ADANIGREEN | 2020-03 | ROE difference = 17.59% | Category: FORMULA_DISCREPANCY
ADANIGREEN | 2021-03 | ROCE difference = 86.53% | Category: VERSION_DIFFERENCE
ADANIGREEN | 2021-03 | ROE difference = 6.43% | Category: FORMULA_DISCREPANCY
ADANIGREEN | 2022-03 | ROCE difference = 89.25% | Category: VERSION_DIFFERENCE
ADANIGREEN | 2023-03 | ROCE difference = 87.34% | Category: VERSION_DIFFERENCE
ADANIGREEN | 2024-03 | ROCE difference = 85.01% | Category: VERSION_DIFFERENCE
ADANIPORTS | 2013-03 | ROE difference = 7.53% | Category: FORMULA_DISCREPANCY
ADANIPORTS | 2018-03 | ROCE difference = 5.59% | Category: FORMULA_DISCREPANCY
ADANIPORTS | 2022-03 | ROE difference = 6.26% | Category: FORMULA_DISCREPANCY
ADANIPORTS | 2023-03 | ROE difference = 6.22% | Category: FORMULA_DISCREPANCY
ADANIPOWER | 2013-03 | ROCE difference = 29.65% | Category: VERSION_DIFFERENCE
ADANIPOWER | 2013-03 | ROE difference = 110.56% | Category: VERSION_DIFFERENCE
ADANIPOWER | 2014-03 | ROCE difference = 22.87% | Category: VERSION_DIFFERENCE
ADANIPOWER | 2014-03 | ROE difference = 61.55% | Category: VERSION_DIFFERENCE
ADANIPOWER | 2015-03 | ROCE difference = 20.58% | Category: VERSION_DIFFERENCE
ADANIPOWER | 2015-03 | ROE difference = 71.35% | Category: VERSION_DIFFERENCE
ADANIPOWER | 2016-03 | ROCE difference = 17.91% | Category: FORMULA_DISCREPANCY
ADANIPOWER | 2016-03 | ROE difference = 49.72% | Category: VERSION_DIFFERENCE
ADANIPOWER | 2017-03 | ROCE difference = 28.03% | Category: VERSION_DIFFERENCE
ADANIPOWER | 2017-03 | ROE difference = 262.90% | Category: VERSION_DIFFERENCE
ADANIPOWER | 2018-03 | ROCE difference = 20.68% | Category: VERSION_DIFFERENCE
ADANIPOWER | 2018-03 | ROE difference = 293.66% | Category: VERSION_DIFFERENCE
ADANIPOWER | 2019-03 | ROCE difference = 18.61% | Category: FORMULA_DISCREPANCY
ADANIPOWER | 2019-03 | ROE difference = 69.86% | Category: VERSION_DIFFERENCE
ADANIPOWER | 2020-03 | ROCE difference = 22.38% | Category: VERSION_DIFFERENCE
ADANIPOWER | 2020-03 | ROE difference = 92.20% | Category: VERSION_DIFFERENCE
ADANIPOWER | 2021-03 | ROCE difference = 16.05% | Category: FORMULA_DISCREPANCY
ADANIPOWER | 2021-03 | ROE difference = 47.41% | Category: VERSION_DIFFERENCE
ADANIPOWER | 2022-03 | ROCE difference = 11.80% | Category: FORMULA_DISCREPANCY
ADANIPOWER | 2022-03 | ROE difference = 30.49% | Category: VERSION_DIFFERENCE
ADANIPOWER | 2023-03 | ROCE difference = 12.38% | Category: FORMULA_DISCREPANCY
ADANIPOWER | 2023-03 | ROE difference = 21.19% | Category: VERSION_DIFFERENCE
ADANIPOWER | 2024-03 | ROE difference = 8.82% | Category: FORMULA_DISCREPANCY
AMBUJACEM | 2012-12 | ROCE difference = 15.90% | Category: FORMULA_DISCREPANCY
AMBUJACEM | 2012-12 | ROE difference = 5.45% | Category: FORMULA_DISCREPANCY
AMBUJACEM | 2013-12 | ROCE difference = 8.85% | Category: FORMULA_DISCREPANCY
AMBUJACEM | 2014-12 | ROCE difference = 10.49% | Category: FORMULA_DISCREPANCY
AMBUJACEM | 2014-12 | ROE difference = 5.53% | Category: FORMULA_DISCREPANCY
AMBUJACEM | 2015-12 | ROCE difference = 5.59% | Category: FORMULA_DISCREPANCY
AMBUJACEM | 2016-12 | ROCE difference = 5.45% | Category: FORMULA_DISCREPANCY
AMBUJACEM | 2017-12 | ROCE difference = 7.46% | Category: FORMULA_DISCREPANCY
AMBUJACEM | 2018-12 | ROCE difference = 6.13% | Category: FORMULA_DISCREPANCY
AMBUJACEM | 2019-12 | ROCE difference = 8.75% | Category: FORMULA_DISCREPANCY
AMBUJACEM | 2020-12 | ROCE difference = 9.99% | Category: FORMULA_DISCREPANCY
AMBUJACEM | 2021-12 | ROCE difference = 12.22% | Category: FORMULA_DISCREPANCY
AMBUJACEM | 2021-12 | ROE difference = 5.40% | Category: FORMULA_DISCREPANCY
AMBUJACEM | 2024-03 | ROCE difference = 5.71% | Category: FORMULA_DISCREPANCY
APOLLOHOSP | 2016-03 | ROE difference = 6.76% | Category: FORMULA_DISCREPANCY
APOLLOHOSP | 2017-03 | ROE difference = 9.86% | Category: FORMULA_DISCREPANCY
APOLLOHOSP | 2018-03 | ROE difference = 11.96% | Category: FORMULA_DISCREPANCY
APOLLOHOSP | 2019-03 | ROE difference = 7.81% | Category: FORMULA_DISCREPANCY
APOLLOHOSP | 2020-03 | ROCE difference = 8.94% | Category: FORMULA_DISCREPANCY
APOLLOHOSP | 2021-03 | ROE difference = 10.83% | Category: FORMULA_DISCREPANCY
APOLLOHOSP | 2022-03 | ROCE difference = 9.19% | Category: FORMULA_DISCREPANCY
APOLLOHOSP | 2022-03 | ROE difference = 5.89% | Category: FORMULA_DISCREPANCY
ASIANPAINT | 2013-03 | ROCE difference = 9.17% | Category: FORMULA_DISCREPANCY
ASIANPAINT | 2014-03 | ROCE difference = 7.88% | Category: FORMULA_DISCREPANCY
ASIANPAINT | 2018-03 | ROE difference = 6.50% | Category: FORMULA_DISCREPANCY
ASIANPAINT | 2019-03 | ROE difference = 8.14% | Category: FORMULA_DISCREPANCY
ASIANPAINT | 2021-03 | ROE difference = 6.41% | Category: FORMULA_DISCREPANCY
ASIANPAINT | 2022-03 | ROCE difference = 8.63% | Category: FORMULA_DISCREPANCY
ASIANPAINT | 2022-03 | ROE difference = 9.11% | Category: FORMULA_DISCREPANCY
ASIANPAINT | 2023-03 | ROE difference = 5.22% | Category: FORMULA_DISCREPANCY
ATGL | 2019-03 | ROCE difference = 13.16% | Category: FORMULA_DISCREPANCY
ATGL | 2020-03 | ROCE difference = 12.45% | Category: FORMULA_DISCREPANCY
ATGL | 2020-03 | ROE difference = 9.14% | Category: FORMULA_DISCREPANCY
ATGL | 2021-03 | ROCE difference = 8.60% | Category: FORMULA_DISCREPANCY
AXISBANK | 2017-03 | ROE difference = 11.87% | Category: FORMULA_DISCREPANCY
AXISBANK | 2018-03 | ROE difference = 17.97% | Category: FORMULA_DISCREPANCY
AXISBANK | 2019-03 | ROE difference = 11.50% | Category: FORMULA_DISCREPANCY
AXISBANK | 2020-03 | ROE difference = 16.52% | Category: FORMULA_DISCREPANCY
AXISBANK | 2021-03 | ROE difference = 12.04% | Category: FORMULA_DISCREPANCY
AXISBANK | 2022-03 | ROE difference = 7.39% | Category: FORMULA_DISCREPANCY
AXISBANK | 2023-03 | ROE difference = 11.02% | Category: FORMULA_DISCREPANCY
BAJAJ-AUTO | 2013-03 | ROCE difference = 20.85% | Category: VERSION_DIFFERENCE
BAJAJ-AUTO | 2013-03 | ROE difference = 12.35% | Category: FORMULA_DISCREPANCY
BAJAJ-AUTO | 2014-03 | ROCE difference = 13.80% | Category: FORMULA_DISCREPANCY
BAJAJ-AUTO | 2014-03 | ROE difference = 6.74% | Category: FORMULA_DISCREPANCY
BAJAJ-AUTO | 2015-03 | ROCE difference = 5.37% | Category: FORMULA_DISCREPANCY
BAJAJ-AUTO | 2016-03 | ROCE difference = 8.85% | Category: FORMULA_DISCREPANCY
BAJAJ-AUTO | 2018-03 | ROE difference = 5.84% | Category: FORMULA_DISCREPANCY
BAJAJ-AUTO | 2019-03 | ROE difference = 5.29% | Category: FORMULA_DISCREPANCY
BAJAJ-AUTO | 2021-03 | ROCE difference = 9.74% | Category: FORMULA_DISCREPANCY
BAJAJ-AUTO | 2021-03 | ROE difference = 8.69% | Category: FORMULA_DISCREPANCY
BAJAJ-AUTO | 2022-03 | ROCE difference = 7.05% | Category: FORMULA_DISCREPANCY
BAJAJ-AUTO | 2022-03 | ROE difference = 5.85% | Category: FORMULA_DISCREPANCY
BAJAJ-AUTO | 2023-03 | ROCE difference = 5.80% | Category: FORMULA_DISCREPANCY
BAJAJ-AUTO | 2023-03 | ROE difference = 5.86% | Category: FORMULA_DISCREPANCY
BAJAJFINSV | 2013-03 | ROE difference = 16.66% | Category: FORMULA_DISCREPANCY
BAJAJFINSV | 2014-03 | ROCE difference = 5.55% | Category: FORMULA_DISCREPANCY
BAJAJFINSV | 2014-03 | ROE difference = 11.81% | Category: FORMULA_DISCREPANCY
BAJAJFINSV | 2015-03 | ROCE difference = 6.38% | Category: FORMULA_DISCREPANCY
BAJAJFINSV | 2015-03 | ROE difference = 10.00% | Category: FORMULA_DISCREPANCY
BAJAJFINSV | 2016-03 | ROCE difference = 7.57% | Category: FORMULA_DISCREPANCY
BAJAJFINSV | 2016-03 | ROE difference = 8.69% | Category: FORMULA_DISCREPANCY
BAJAJFINSV | 2017-03 | ROCE difference = 7.62% | Category: FORMULA_DISCREPANCY
BAJAJFINSV | 2017-03 | ROE difference = 9.64% | Category: FORMULA_DISCREPANCY
BAJAJFINSV | 2018-03 | ROCE difference = 8.62% | Category: FORMULA_DISCREPANCY
BAJAJFINSV | 2018-03 | ROE difference = 8.67% | Category: FORMULA_DISCREPANCY
BAJAJFINSV | 2019-03 | ROCE difference = 8.96% | Category: FORMULA_DISCREPANCY
BAJAJFINSV | 2019-03 | ROE difference = 10.92% | Category: FORMULA_DISCREPANCY
BAJAJFINSV | 2020-03 | ROCE difference = 9.62% | Category: FORMULA_DISCREPANCY
BAJAJFINSV | 2020-03 | ROE difference = 7.43% | Category: FORMULA_DISCREPANCY
BAJAJFINSV | 2021-03 | ROCE difference = 9.19% | Category: FORMULA_DISCREPANCY
BAJAJFINSV | 2021-03 | ROE difference = 8.84% | Category: FORMULA_DISCREPANCY
BAJAJFINSV | 2022-03 | ROCE difference = 10.48% | Category: FORMULA_DISCREPANCY
BAJAJFINSV | 2022-03 | ROE difference = 8.94% | Category: FORMULA_DISCREPANCY
BAJAJFINSV | 2023-03 | ROCE difference = 9.59% | Category: FORMULA_DISCREPANCY
BAJAJFINSV | 2023-03 | ROE difference = 14.59% | Category: FORMULA_DISCREPANCY
BAJAJFINSV | 2024-03 | ROCE difference = 9.43% | Category: FORMULA_DISCREPANCY
BAJAJFINSV | 2024-03 | ROE difference = 14.13% | Category: FORMULA_DISCREPANCY
BAJAJHLDNG | 2013-03 | ROCE difference = 9.96% | Category: FORMULA_DISCREPANCY
BAJAJHLDNG | 2014-03 | ROCE difference = 9.72% | Category: FORMULA_DISCREPANCY
BAJAJHLDNG | 2015-03 | ROCE difference = 9.22% | Category: FORMULA_DISCREPANCY
BAJAJHLDNG | 2016-03 | ROCE difference = 10.25% | Category: FORMULA_DISCREPANCY
BAJAJHLDNG | 2017-03 | ROCE difference = 9.53% | Category: FORMULA_DISCREPANCY
BAJAJHLDNG | 2022-03 | ROE difference = 5.17% | Category: FORMULA_DISCREPANCY
BAJFINANCE | 2015-03 | ROCE difference = 6.25% | Category: FORMULA_DISCREPANCY
BAJFINANCE | 2016-03 | ROCE difference = 6.54% | Category: FORMULA_DISCREPANCY
BAJFINANCE | 2017-03 | ROCE difference = 6.33% | Category: FORMULA_DISCREPANCY
BAJFINANCE | 2018-03 | ROCE difference = 6.87% | Category: FORMULA_DISCREPANCY
BAJFINANCE | 2018-03 | ROE difference = 6.35% | Category: FORMULA_DISCREPANCY
BAJFINANCE | 2019-03 | ROCE difference = 7.38% | Category: FORMULA_DISCREPANCY
BAJFINANCE | 2020-03 | ROCE difference = 6.23% | Category: FORMULA_DISCREPANCY
BAJFINANCE | 2020-03 | ROE difference = 5.82% | Category: FORMULA_DISCREPANCY
BAJFINANCE | 2021-03 | ROCE difference = 5.46% | Category: FORMULA_DISCREPANCY
BAJFINANCE | 2021-03 | ROE difference = 10.13% | Category: FORMULA_DISCREPANCY
BAJFINANCE | 2022-03 | ROCE difference = 6.20% | Category: FORMULA_DISCREPANCY
BAJFINANCE | 2022-03 | ROE difference = 6.02% | Category: FORMULA_DISCREPANCY
BAJFINANCE | 2023-03 | ROCE difference = 7.20% | Category: FORMULA_DISCREPANCY
BAJFINANCE | 2024-03 | ROCE difference = 7.54% | Category: FORMULA_DISCREPANCY
BANKBARODA | 2015-03 | ROE difference = 7.30% | Category: FORMULA_DISCREPANCY
BANKBARODA | 2016-03 | ROE difference = 28.54% | Category: VERSION_DIFFERENCE
BANKBARODA | 2017-03 | ROE difference = 12.39% | Category: FORMULA_DISCREPANCY
BANKBARODA | 2018-03 | ROE difference = 20.64% | Category: VERSION_DIFFERENCE
BANKBARODA | 2019-03 | ROE difference = 14.58% | Category: FORMULA_DISCREPANCY
BANKBARODA | 2020-03 | ROE difference = 15.41% | Category: FORMULA_DISCREPANCY
BANKBARODA | 2021-03 | ROE difference = 14.73% | Category: FORMULA_DISCREPANCY
BANKBARODA | 2022-03 | ROE difference = 8.06% | Category: FORMULA_DISCREPANCY
BEL | 2013-03 | ROCE difference = 4268.73% | Category: VERSION_DIFFERENCE
BEL | 2013-03 | ROE difference = 15157.03% | Category: VERSION_DIFFERENCE
BEL | 2014-03 | ROCE difference = 4833.26% | Category: VERSION_DIFFERENCE
BEL | 2014-03 | ROE difference = 13573.70% | Category: VERSION_DIFFERENCE
BEL | 2015-03 | ROCE difference = 5074.49% | Category: VERSION_DIFFERENCE
BEL | 2015-03 | ROE difference = 17073.70% | Category: VERSION_DIFFERENCE
BEL | 2016-03 | ROCE difference = 5278.91% | Category: VERSION_DIFFERENCE
BEL | 2016-03 | ROE difference = 11115.37% | Category: VERSION_DIFFERENCE
BEL | 2017-03 | ROCE difference = 4992.67% | Category: VERSION_DIFFERENCE
BEL | 2017-03 | ROE difference = 10127.03% | Category: VERSION_DIFFERENCE
BEL | 2018-03 | ROCE difference = 2794.51% | Category: VERSION_DIFFERENCE
BEL | 2018-03 | ROE difference = 4589.83% | Category: VERSION_DIFFERENCE
BEL | 2019-03 | ROCE difference = 3071.65% | Category: VERSION_DIFFERENCE
BEL | 2019-03 | ROE difference = 3824.72% | Category: VERSION_DIFFERENCE
BEL | 2020-03 | ROCE difference = 2852.27% | Category: VERSION_DIFFERENCE
BEL | 2020-03 | ROE difference = 3291.88% | Category: VERSION_DIFFERENCE
BEL | 2021-03 | ROCE difference = 3057.07% | Category: VERSION_DIFFERENCE
BEL | 2021-03 | ROE difference = 3533.02% | Category: VERSION_DIFFERENCE
BEL | 2022-03 | ROCE difference = 2781.15% | Category: VERSION_DIFFERENCE
BEL | 2022-03 | ROE difference = 3451.96% | Category: VERSION_DIFFERENCE
BEL | 2023-03 | ROCE difference = 3799.61% | Category: VERSION_DIFFERENCE
BEL | 2023-03 | ROE difference = 3955.03% | Category: VERSION_DIFFERENCE
BEL | 2024-03 | ROCE difference = 4470.12% | Category: VERSION_DIFFERENCE
BEL | 2024-03 | ROE difference = 4717.75% | Category: VERSION_DIFFERENCE
BHARTIARTL | 2013-03 | ROCE difference = 7.50% | Category: FORMULA_DISCREPANCY
BHARTIARTL | 2013-03 | ROE difference = 10.40% | Category: FORMULA_DISCREPANCY
BHARTIARTL | 2014-03 | ROCE difference = 8.57% | Category: FORMULA_DISCREPANCY
BHARTIARTL | 2014-03 | ROE difference = 9.85% | Category: FORMULA_DISCREPANCY
BHARTIARTL | 2015-03 | ROCE difference = 15.19% | Category: FORMULA_DISCREPANCY
BHARTIARTL | 2016-03 | ROCE difference = 10.10% | Category: FORMULA_DISCREPANCY
BHARTIARTL | 2017-03 | ROCE difference = 8.10% | Category: FORMULA_DISCREPANCY
BHARTIARTL | 2017-03 | ROE difference = 8.61% | Category: FORMULA_DISCREPANCY
BHARTIARTL | 2018-03 | ROE difference = 11.76% | Category: FORMULA_DISCREPANCY
BHARTIARTL | 2019-03 | ROE difference = 12.54% | Category: FORMULA_DISCREPANCY
BHARTIARTL | 2020-03 | ROCE difference = 13.62% | Category: FORMULA_DISCREPANCY
BHARTIARTL | 2020-03 | ROE difference = 54.65% | Category: VERSION_DIFFERENCE
BHARTIARTL | 2021-03 | ROCE difference = 5.42% | Category: FORMULA_DISCREPANCY
BHARTIARTL | 2021-03 | ROE difference = 35.87% | Category: VERSION_DIFFERENCE
BHARTIARTL | 2022-03 | ROCE difference = 13.23% | Category: FORMULA_DISCREPANCY
BHARTIARTL | 2023-03 | ROCE difference = 10.71% | Category: FORMULA_DISCREPANCY
BHARTIARTL | 2024-03 | ROCE difference = 12.00% | Category: FORMULA_DISCREPANCY
BHEL | 2013-03 | ROCE difference = 28.65% | Category: VERSION_DIFFERENCE
BHEL | 2013-03 | ROE difference = 20.86% | Category: VERSION_DIFFERENCE
BHEL | 2014-03 | ROCE difference = 13.08% | Category: FORMULA_DISCREPANCY
BHEL | 2014-03 | ROE difference = 9.51% | Category: FORMULA_DISCREPANCY
BHEL | 2015-03 | ROCE difference = 6.03% | Category: FORMULA_DISCREPANCY
BHEL | 2020-03 | ROE difference = 6.17% | Category: FORMULA_DISCREPANCY
BHEL | 2021-03 | ROCE difference = 11.87% | Category: FORMULA_DISCREPANCY
BHEL | 2021-03 | ROE difference = 11.44% | Category: FORMULA_DISCREPANCY
BOSCHLTD | 2012-12 | ROCE difference = 9.02% | Category: FORMULA_DISCREPANCY
BOSCHLTD | 2015-03 | ROCE difference = 13.16% | Category: FORMULA_DISCREPANCY
BOSCHLTD | 2016-03 | ROCE difference = 5.49% | Category: FORMULA_DISCREPANCY
BOSCHLTD | 2017-03 | ROCE difference = 12.07% | Category: FORMULA_DISCREPANCY
BOSCHLTD | 2019-03 | ROCE difference = 9.57% | Category: FORMULA_DISCREPANCY
BOSCHLTD | 2020-03 | ROCE difference = 5.85% | Category: FORMULA_DISCREPANCY
BOSCHLTD | 2020-03 | ROE difference = 8.99% | Category: FORMULA_DISCREPANCY
BOSCHLTD | 2021-03 | ROCE difference = 11.27% | Category: FORMULA_DISCREPANCY
BOSCHLTD | 2021-03 | ROE difference = 11.09% | Category: FORMULA_DISCREPANCY
BOSCHLTD | 2024-03 | ROCE difference = 9.65% | Category: FORMULA_DISCREPANCY
BPCL | 2013-03 | ROCE difference = 15.68% | Category: FORMULA_DISCREPANCY
BPCL | 2013-03 | ROE difference = 30.36% | Category: VERSION_DIFFERENCE
BPCL | 2014-03 | ROCE difference = 11.64% | Category: FORMULA_DISCREPANCY
BPCL | 2014-03 | ROE difference = 21.05% | Category: VERSION_DIFFERENCE
BPCL | 2015-03 | ROCE difference = 7.34% | Category: FORMULA_DISCREPANCY
BPCL | 2015-03 | ROE difference = 19.38% | Category: FORMULA_DISCREPANCY
BPCL | 2016-03 | ROE difference = 12.80% | Category: FORMULA_DISCREPANCY
BPCL | 2017-03 | ROCE difference = 7.30% | Category: FORMULA_DISCREPANCY
BPCL | 2017-03 | ROE difference = 11.05% | Category: FORMULA_DISCREPANCY
BPCL | 2018-03 | ROCE difference = 7.54% | Category: FORMULA_DISCREPANCY
BPCL | 2018-03 | ROE difference = 15.16% | Category: FORMULA_DISCREPANCY
BPCL | 2019-03 | ROCE difference = 10.47% | Category: FORMULA_DISCREPANCY
BPCL | 2019-03 | ROE difference = 19.90% | Category: FORMULA_DISCREPANCY
BPCL | 2020-03 | ROCE difference = 21.94% | Category: VERSION_DIFFERENCE
BPCL | 2020-03 | ROE difference = 31.86% | Category: VERSION_DIFFERENCE
BPCL | 2021-03 | ROCE difference = 5.74% | Category: FORMULA_DISCREPANCY
BPCL | 2021-03 | ROE difference = 9.56% | Category: FORMULA_DISCREPANCY
BPCL | 2022-03 | ROCE difference = 11.42% | Category: FORMULA_DISCREPANCY
BPCL | 2022-03 | ROE difference = 19.39% | Category: FORMULA_DISCREPANCY
BPCL | 2023-03 | ROCE difference = 21.58% | Category: VERSION_DIFFERENCE
BPCL | 2023-03 | ROE difference = 37.92% | Category: VERSION_DIFFERENCE
BPCL | 2024-03 | ROE difference = 6.39% | Category: FORMULA_DISCREPANCY
BRITANNIA | 2013-03 | ROE difference = 10.51% | Category: FORMULA_DISCREPANCY
BRITANNIA | 2014-03 | ROCE difference = 20.83% | Category: VERSION_DIFFERENCE
BRITANNIA | 2014-03 | ROE difference = 7.60% | Category: FORMULA_DISCREPANCY
BRITANNIA | 2015-03 | ROCE difference = 30.09% | Category: VERSION_DIFFERENCE
BRITANNIA | 2016-03 | ROCE difference = 11.33% | Category: FORMULA_DISCREPANCY
BRITANNIA | 2016-03 | ROE difference = 17.66% | Category: FORMULA_DISCREPANCY
BRITANNIA | 2017-03 | ROE difference = 24.27% | Category: VERSION_DIFFERENCE
BRITANNIA | 2018-03 | ROE difference = 27.62% | Category: VERSION_DIFFERENCE
BRITANNIA | 2019-03 | ROE difference = 29.94% | Category: VERSION_DIFFERENCE
BRITANNIA | 2020-03 | ROCE difference = 13.45% | Category: FORMULA_DISCREPANCY
BRITANNIA | 2020-03 | ROE difference = 25.44% | Category: VERSION_DIFFERENCE
BRITANNIA | 2023-03 | ROE difference = 8.43% | Category: FORMULA_DISCREPANCY
BRITANNIA | 2024-03 | ROCE difference = 7.34% | Category: FORMULA_DISCREPANCY
CANBK | 2013-03 | ROE difference = 6.00% | Category: FORMULA_DISCREPANCY
CANBK | 2014-03 | ROE difference = 9.05% | Category: FORMULA_DISCREPANCY
CANBK | 2015-03 | ROE difference = 8.88% | Category: FORMULA_DISCREPANCY
CANBK | 2016-03 | ROE difference = 25.72% | Category: VERSION_DIFFERENCE
CANBK | 2017-03 | ROE difference = 13.83% | Category: FORMULA_DISCREPANCY
CANBK | 2018-03 | ROE difference = 28.40% | Category: VERSION_DIFFERENCE
CANBK | 2019-03 | ROE difference = 16.05% | Category: FORMULA_DISCREPANCY
CANBK | 2020-03 | ROE difference = 22.56% | Category: VERSION_DIFFERENCE
CANBK | 2021-03 | ROE difference = 13.16% | Category: FORMULA_DISCREPANCY
CANBK | 2022-03 | ROE difference = 9.10% | Category: FORMULA_DISCREPANCY
CHOLAFIN | 2013-03 | ROCE difference = 6.30% | Category: FORMULA_DISCREPANCY
CHOLAFIN | 2014-03 | ROCE difference = 5.73% | Category: FORMULA_DISCREPANCY
CHOLAFIN | 2015-03 | ROCE difference = 5.63% | Category: FORMULA_DISCREPANCY
CHOLAFIN | 2016-03 | ROCE difference = 5.49% | Category: FORMULA_DISCREPANCY
CHOLAFIN | 2017-03 | ROCE difference = 5.66% | Category: FORMULA_DISCREPANCY
CHOLAFIN | 2018-03 | ROCE difference = 7.00% | Category: FORMULA_DISCREPANCY
CHOLAFIN | 2019-03 | ROCE difference = 7.48% | Category: FORMULA_DISCREPANCY
CHOLAFIN | 2020-03 | ROCE difference = 6.54% | Category: FORMULA_DISCREPANCY
CHOLAFIN | 2020-03 | ROE difference = 7.35% | Category: FORMULA_DISCREPANCY
CHOLAFIN | 2021-03 | ROCE difference = 6.40% | Category: FORMULA_DISCREPANCY
CHOLAFIN | 2022-03 | ROCE difference = 6.75% | Category: FORMULA_DISCREPANCY
CHOLAFIN | 2023-03 | ROCE difference = 7.13% | Category: FORMULA_DISCREPANCY
CHOLAFIN | 2024-03 | ROCE difference = 6.89% | Category: FORMULA_DISCREPANCY
CIPLA | 2013-03 | ROCE difference = 38.21% | Category: VERSION_DIFFERENCE
CIPLA | 2014-03 | ROCE difference = 48.42% | Category: VERSION_DIFFERENCE
CIPLA | 2015-03 | ROCE difference = 50.79% | Category: VERSION_DIFFERENCE
CIPLA | 2015-03 | ROE difference = 5.42% | Category: FORMULA_DISCREPANCY
CIPLA | 2016-03 | ROCE difference = 44.96% | Category: VERSION_DIFFERENCE
CIPLA | 2017-03 | ROCE difference = 48.73% | Category: VERSION_DIFFERENCE
CIPLA | 2017-03 | ROE difference = 8.55% | Category: FORMULA_DISCREPANCY
CIPLA | 2018-03 | ROCE difference = 44.58% | Category: VERSION_DIFFERENCE
CIPLA | 2018-03 | ROE difference = 6.84% | Category: FORMULA_DISCREPANCY
CIPLA | 2019-03 | ROCE difference = 45.93% | Category: VERSION_DIFFERENCE
CIPLA | 2019-03 | ROE difference = 6.86% | Category: FORMULA_DISCREPANCY
CIPLA | 2020-03 | ROCE difference = 52.26% | Category: VERSION_DIFFERENCE
CIPLA | 2020-03 | ROE difference = 7.28% | Category: FORMULA_DISCREPANCY
CIPLA | 2021-03 | ROCE difference = 50.60% | Category: VERSION_DIFFERENCE
CIPLA | 2022-03 | ROCE difference = 55.90% | Category: VERSION_DIFFERENCE
CIPLA | 2023-03 | ROCE difference = 50.51% | Category: VERSION_DIFFERENCE
CIPLA | 2024-03 | ROCE difference = 48.75% | Category: VERSION_DIFFERENCE
COALINDIA | 2013-03 | ROCE difference = 37.33% | Category: VERSION_DIFFERENCE
COALINDIA | 2013-03 | ROE difference = 16.19% | Category: FORMULA_DISCREPANCY
COALINDIA | 2014-03 | ROCE difference = 60.55% | Category: VERSION_DIFFERENCE
COALINDIA | 2014-03 | ROE difference = 16.36% | Category: FORMULA_DISCREPANCY
COALINDIA | 2015-03 | ROCE difference = 75.75% | Category: VERSION_DIFFERENCE
COALINDIA | 2015-03 | ROE difference = 17.98% | Category: FORMULA_DISCREPANCY
COALINDIA | 2016-03 | ROCE difference = 100.62% | Category: VERSION_DIFFERENCE
COALINDIA | 2016-03 | ROE difference = 11.04% | Category: FORMULA_DISCREPANCY
COALINDIA | 2017-03 | ROCE difference = 175.15% | Category: VERSION_DIFFERENCE
COALINDIA | 2017-03 | ROE difference = 14.15% | Category: FORMULA_DISCREPANCY
COALINDIA | 2018-03 | ROCE difference = 286.22% | Category: VERSION_DIFFERENCE
COALINDIA | 2018-03 | ROE difference = 17.12% | Category: FORMULA_DISCREPANCY
COALINDIA | 2019-03 | ROCE difference = 196.66% | Category: VERSION_DIFFERENCE
COALINDIA | 2019-03 | ROE difference = 14.01% | Category: FORMULA_DISCREPANCY
COALINDIA | 2020-03 | ROCE difference = 129.51% | Category: VERSION_DIFFERENCE
COALINDIA | 2021-03 | ROCE difference = 104.83% | Category: VERSION_DIFFERENCE
COALINDIA | 2021-03 | ROE difference = 17.22% | Category: FORMULA_DISCREPANCY
COALINDIA | 2022-03 | ROCE difference = 118.62% | Category: VERSION_DIFFERENCE
COALINDIA | 2022-03 | ROE difference = 11.72% | Category: FORMULA_DISCREPANCY
COALINDIA | 2023-03 | ROCE difference = 80.71% | Category: VERSION_DIFFERENCE
COALINDIA | 2024-03 | ROCE difference = 42.15% | Category: VERSION_DIFFERENCE
COALINDIA | 2024-03 | ROE difference = 6.83% | Category: FORMULA_DISCREPANCY
DABUR | 2013-03 | ROCE difference = 11.34% | Category: FORMULA_DISCREPANCY
DABUR | 2013-03 | ROE difference = 17.36% | Category: FORMULA_DISCREPANCY
DABUR | 2014-03 | ROCE difference = 15.99% | Category: FORMULA_DISCREPANCY
DABUR | 2014-03 | ROE difference = 15.29% | Category: FORMULA_DISCREPANCY
DABUR | 2015-03 | ROCE difference = 13.76% | Category: FORMULA_DISCREPANCY
DABUR | 2015-03 | ROE difference = 12.64% | Category: FORMULA_DISCREPANCY
DABUR | 2016-03 | ROCE difference = 12.57% | Category: FORMULA_DISCREPANCY
DABUR | 2016-03 | ROE difference = 10.86% | Category: FORMULA_DISCREPANCY
DABUR | 2017-03 | ROCE difference = 8.75% | Category: FORMULA_DISCREPANCY
DABUR | 2017-03 | ROE difference = 7.21% | Category: FORMULA_DISCREPANCY
DABUR | 2018-03 | ROCE difference = 6.42% | Category: FORMULA_DISCREPANCY
DABUR | 2019-03 | ROCE difference = 8.69% | Category: FORMULA_DISCREPANCY
DABUR | 2019-03 | ROE difference = 6.47% | Category: FORMULA_DISCREPANCY
DABUR | 2020-03 | ROCE difference = 5.72% | Category: FORMULA_DISCREPANCY
DABUR | 2021-03 | ROCE difference = 6.17% | Category: FORMULA_DISCREPANCY
DIVISLAB | 2013-03 | ROCE difference = 17.48% | Category: FORMULA_DISCREPANCY
DIVISLAB | 2013-03 | ROE difference = 11.87% | Category: FORMULA_DISCREPANCY
DIVISLAB | 2014-03 | ROCE difference = 19.92% | Category: FORMULA_DISCREPANCY
DIVISLAB | 2014-03 | ROE difference = 13.88% | Category: FORMULA_DISCREPANCY
DIVISLAB | 2015-03 | ROCE difference = 17.87% | Category: FORMULA_DISCREPANCY
DIVISLAB | 2015-03 | ROE difference = 12.17% | Category: FORMULA_DISCREPANCY
DIVISLAB | 2016-03 | ROCE difference = 18.47% | Category: FORMULA_DISCREPANCY
DIVISLAB | 2016-03 | ROE difference = 14.03% | Category: FORMULA_DISCREPANCY
DIVISLAB | 2017-03 | ROCE difference = 11.72% | Category: FORMULA_DISCREPANCY
DIVISLAB | 2017-03 | ROE difference = 7.59% | Category: FORMULA_DISCREPANCY
DIVISLAB | 2018-03 | ROCE difference = 6.48% | Category: FORMULA_DISCREPANCY
DIVISLAB | 2019-03 | ROCE difference = 12.21% | Category: FORMULA_DISCREPANCY
DIVISLAB | 2019-03 | ROE difference = 7.25% | Category: FORMULA_DISCREPANCY
DIVISLAB | 2020-03 | ROCE difference = 10.88% | Category: FORMULA_DISCREPANCY
DIVISLAB | 2020-03 | ROE difference = 6.64% | Category: FORMULA_DISCREPANCY
DIVISLAB | 2021-03 | ROCE difference = 14.94% | Category: FORMULA_DISCREPANCY
DIVISLAB | 2021-03 | ROE difference = 9.14% | Category: FORMULA_DISCREPANCY
DIVISLAB | 2022-03 | ROCE difference = 17.57% | Category: FORMULA_DISCREPANCY
DIVISLAB | 2022-03 | ROE difference = 13.04% | Category: FORMULA_DISCREPANCY
DLF | 2015-03 | ROE difference = 5.10% | Category: FORMULA_DISCREPANCY
DLF | 2016-03 | ROE difference = 5.68% | Category: FORMULA_DISCREPANCY
DLF | 2018-03 | ROCE difference = 17.18% | Category: FORMULA_DISCREPANCY
DLF | 2018-03 | ROE difference = 5.73% | Category: FORMULA_DISCREPANCY
DLF | 2020-03 | ROE difference = 8.66% | Category: FORMULA_DISCREPANCY
DMART | 2016-03 | ROCE difference = 5.70% | Category: FORMULA_DISCREPANCY
DMART | 2016-03 | ROE difference = 6.54% | Category: FORMULA_DISCREPANCY
DMART | 2018-03 | ROCE difference = 8.81% | Category: FORMULA_DISCREPANCY
DMART | 2019-03 | ROCE difference = 7.34% | Category: FORMULA_DISCREPANCY
DMART | 2021-03 | ROE difference = 5.48% | Category: FORMULA_DISCREPANCY
DRREDDY | 2017-03 | ROCE difference = 11.11% | Category: FORMULA_DISCREPANCY
DRREDDY | 2017-03 | ROE difference = 10.86% | Category: FORMULA_DISCREPANCY
DRREDDY | 2018-03 | ROCE difference = 12.30% | Category: FORMULA_DISCREPANCY
DRREDDY | 2018-03 | ROE difference = 13.87% | Category: FORMULA_DISCREPANCY
DRREDDY | 2019-03 | ROCE difference = 6.58% | Category: FORMULA_DISCREPANCY
DRREDDY | 2019-03 | ROE difference = 7.50% | Category: FORMULA_DISCREPANCY
DRREDDY | 2020-03 | ROCE difference = 8.83% | Category: FORMULA_DISCREPANCY
DRREDDY | 2020-03 | ROE difference = 8.41% | Category: FORMULA_DISCREPANCY
DRREDDY | 2021-03 | ROCE difference = 6.14% | Category: FORMULA_DISCREPANCY
DRREDDY | 2021-03 | ROE difference = 10.33% | Category: FORMULA_DISCREPANCY
DRREDDY | 2022-03 | ROCE difference = 7.37% | Category: FORMULA_DISCREPANCY
DRREDDY | 2022-03 | ROE difference = 10.04% | Category: FORMULA_DISCREPANCY
EICHERMOT | 2012-12 | ROCE difference = 7.48% | Category: FORMULA_DISCREPANCY
EICHERMOT | 2013-12 | ROCE difference = 6.67% | Category: FORMULA_DISCREPANCY
EICHERMOT | 2014-12 | ROCE difference = 16.41% | Category: FORMULA_DISCREPANCY
EICHERMOT | 2016-03 | ROCE difference = 23.74% | Category: VERSION_DIFFERENCE
EICHERMOT | 2016-03 | ROE difference = 12.43% | Category: FORMULA_DISCREPANCY
EICHERMOT | 2017-03 | ROCE difference = 16.36% | Category: FORMULA_DISCREPANCY
EICHERMOT | 2017-03 | ROE difference = 6.99% | Category: FORMULA_DISCREPANCY
EICHERMOT | 2018-03 | ROCE difference = 15.48% | Category: FORMULA_DISCREPANCY
EICHERMOT | 2019-03 | ROCE difference = 8.49% | Category: FORMULA_DISCREPANCY
EICHERMOT | 2020-03 | ROE difference = 5.90% | Category: FORMULA_DISCREPANCY
EICHERMOT | 2021-03 | ROCE difference = 11.67% | Category: FORMULA_DISCREPANCY
EICHERMOT | 2021-03 | ROE difference = 12.42% | Category: FORMULA_DISCREPANCY
EICHERMOT | 2022-03 | ROCE difference = 10.07% | Category: FORMULA_DISCREPANCY
EICHERMOT | 2022-03 | ROE difference = 10.90% | Category: FORMULA_DISCREPANCY
GAIL | 2016-03 | ROE difference = 8.85% | Category: FORMULA_DISCREPANCY
GAIL | 2017-03 | ROE difference = 5.42% | Category: FORMULA_DISCREPANCY
GAIL | 2019-03 | ROCE difference = 9.47% | Category: FORMULA_DISCREPANCY
GAIL | 2020-03 | ROCE difference = 8.12% | Category: FORMULA_DISCREPANCY
GAIL | 2020-03 | ROE difference = 5.31% | Category: FORMULA_DISCREPANCY
GAIL | 2022-03 | ROCE difference = 9.96% | Category: FORMULA_DISCREPANCY
GAIL | 2022-03 | ROE difference = 5.19% | Category: FORMULA_DISCREPANCY
GAIL | 2023-03 | ROE difference = 5.38% | Category: FORMULA_DISCREPANCY
GODREJCP | 2013-03 | ROCE difference = 5.88% | Category: FORMULA_DISCREPANCY
GODREJCP | 2013-03 | ROE difference = 18.74% | Category: FORMULA_DISCREPANCY
GODREJCP | 2014-03 | ROCE difference = 6.47% | Category: FORMULA_DISCREPANCY
GODREJCP | 2014-03 | ROE difference = 14.93% | Category: FORMULA_DISCREPANCY
GODREJCP | 2015-03 | ROCE difference = 5.83% | Category: FORMULA_DISCREPANCY
GODREJCP | 2015-03 | ROE difference = 15.87% | Category: FORMULA_DISCREPANCY
GODREJCP | 2016-03 | ROCE difference = 7.00% | Category: FORMULA_DISCREPANCY
GODREJCP | 2016-03 | ROE difference = 12.71% | Category: FORMULA_DISCREPANCY
GODREJCP | 2017-03 | ROCE difference = 5.17% | Category: FORMULA_DISCREPANCY
GODREJCP | 2017-03 | ROE difference = 17.90% | Category: FORMULA_DISCREPANCY
GODREJCP | 2018-03 | ROE difference = 19.34% | Category: FORMULA_DISCREPANCY
GODREJCP | 2019-03 | ROE difference = 25.46% | Category: VERSION_DIFFERENCE
GODREJCP | 2020-03 | ROCE difference = 7.44% | Category: FORMULA_DISCREPANCY
GODREJCP | 2020-03 | ROE difference = 12.18% | Category: FORMULA_DISCREPANCY
GODREJCP | 2021-03 | ROCE difference = 5.06% | Category: FORMULA_DISCREPANCY
GODREJCP | 2021-03 | ROE difference = 11.46% | Category: FORMULA_DISCREPANCY
GODREJCP | 2022-03 | ROCE difference = 7.73% | Category: FORMULA_DISCREPANCY
GODREJCP | 2022-03 | ROE difference = 8.66% | Category: FORMULA_DISCREPANCY
GODREJCP | 2023-03 | ROCE difference = 9.36% | Category: FORMULA_DISCREPANCY
GODREJCP | 2023-03 | ROE difference = 5.57% | Category: FORMULA_DISCREPANCY
GODREJCP | 2024-03 | ROCE difference = 21.76% | Category: VERSION_DIFFERENCE
GODREJCP | 2024-03 | ROE difference = 11.22% | Category: FORMULA_DISCREPANCY
GRASIM | 2013-03 | ROCE difference = 13.80% | Category: FORMULA_DISCREPANCY
GRASIM | 2013-03 | ROE difference = 12.32% | Category: FORMULA_DISCREPANCY
GRASIM | 2014-03 | ROCE difference = 8.25% | Category: FORMULA_DISCREPANCY
GRASIM | 2014-03 | ROE difference = 6.77% | Category: FORMULA_DISCREPANCY
GRASIM | 2015-03 | ROCE difference = 6.88% | Category: FORMULA_DISCREPANCY
GRASIM | 2016-03 | ROCE difference = 8.81% | Category: FORMULA_DISCREPANCY
GRASIM | 2016-03 | ROE difference = 5.70% | Category: FORMULA_DISCREPANCY
GRASIM | 2017-03 | ROCE difference = 11.54% | Category: FORMULA_DISCREPANCY
GRASIM | 2017-03 | ROE difference = 6.63% | Category: FORMULA_DISCREPANCY
GRASIM | 2022-03 | ROCE difference = 5.38% | Category: FORMULA_DISCREPANCY
GRASIM | 2022-03 | ROE difference = 7.90% | Category: FORMULA_DISCREPANCY
GRASIM | 2023-03 | ROE difference = 7.17% | Category: FORMULA_DISCREPANCY
HAL | 2016-03 | ROCE difference = 2914.72% | Category: VERSION_DIFFERENCE
HAL | 2016-03 | ROE difference = 1636.10% | Category: VERSION_DIFFERENCE
HAL | 2017-03 | ROCE difference = 3131.47% | Category: VERSION_DIFFERENCE
HAL | 2017-03 | ROE difference = 1938.02% | Category: VERSION_DIFFERENCE
HAL | 2018-03 | ROCE difference = 3134.78% | Category: VERSION_DIFFERENCE
HAL | 2018-03 | ROE difference = 1499.56% | Category: VERSION_DIFFERENCE
HAL | 2019-03 | ROCE difference = 3468.19% | Category: VERSION_DIFFERENCE
HAL | 2019-03 | ROE difference = 1735.01% | Category: VERSION_DIFFERENCE
HAL | 2020-03 | ROCE difference = 3743.24% | Category: VERSION_DIFFERENCE
HAL | 2020-03 | ROE difference = 2030.52% | Category: VERSION_DIFFERENCE
HAL | 2021-03 | ROCE difference = 3761.77% | Category: VERSION_DIFFERENCE
HAL | 2021-03 | ROE difference = 2220.41% | Category: VERSION_DIFFERENCE
HAL | 2022-03 | ROCE difference = 3843.52% | Category: VERSION_DIFFERENCE
HAL | 2022-03 | ROE difference = 3295.28% | Category: VERSION_DIFFERENCE
HAL | 2023-03 | ROCE difference = 3684.76% | Category: VERSION_DIFFERENCE
HAL | 2023-03 | ROE difference = 3254.15% | Category: VERSION_DIFFERENCE
HAL | 2024-03 | ROCE difference = 3578.49% | Category: VERSION_DIFFERENCE
HAL | 2024-03 | ROE difference = 3787.68% | Category: VERSION_DIFFERENCE
HAVELLS | 2013-03 | ROCE difference = 12.56% | Category: FORMULA_DISCREPANCY
HAVELLS | 2013-03 | ROE difference = 22.29% | Category: VERSION_DIFFERENCE
HAVELLS | 2014-03 | ROCE difference = 5.45% | Category: FORMULA_DISCREPANCY
HAVELLS | 2014-03 | ROE difference = 8.77% | Category: FORMULA_DISCREPANCY
HAVELLS | 2015-03 | ROCE difference = 11.42% | Category: FORMULA_DISCREPANCY
HAVELLS | 2016-03 | ROCE difference = 30.80% | Category: VERSION_DIFFERENCE
HAVELLS | 2016-03 | ROE difference = 24.95% | Category: VERSION_DIFFERENCE
HAVELLS | 2019-03 | ROCE difference = 6.19% | Category: FORMULA_DISCREPANCY
HAVELLS | 2021-03 | ROCE difference = 6.77% | Category: FORMULA_DISCREPANCY
HCLTECH | 2013-06 | ROCE difference = 12.71% | Category: FORMULA_DISCREPANCY
HCLTECH | 2013-06 | ROE difference = 7.39% | Category: FORMULA_DISCREPANCY
HCLTECH | 2014-06 | ROCE difference = 12.76% | Category: FORMULA_DISCREPANCY
HCLTECH | 2014-06 | ROE difference = 10.09% | Category: FORMULA_DISCREPANCY
HCLTECH | 2015-06 | ROCE difference = 9.05% | Category: FORMULA_DISCREPANCY
HCLTECH | 2015-06 | ROE difference = 7.01% | Category: FORMULA_DISCREPANCY
HCLTECH | 2024-03 | ROCE difference = 5.11% | Category: FORMULA_DISCREPANCY
HDFCBANK | 2023-03 | ROCE difference = 5.07% | Category: FORMULA_DISCREPANCY
HDFCLIFE | 2013-03 | ROCE difference = 1006.03% | Category: VERSION_DIFFERENCE
HDFCLIFE | 2013-03 | ROE difference = 22.03% | Category: VERSION_DIFFERENCE
HDFCLIFE | 2014-03 | ROCE difference = 852.57% | Category: VERSION_DIFFERENCE
HDFCLIFE | 2014-03 | ROE difference = 26.20% | Category: VERSION_DIFFERENCE
HDFCLIFE | 2015-03 | ROCE difference = 1030.15% | Category: VERSION_DIFFERENCE
HDFCLIFE | 2015-03 | ROE difference = 19.53% | Category: FORMULA_DISCREPANCY
HDFCLIFE | 2016-03 | ROCE difference = 547.43% | Category: VERSION_DIFFERENCE
HDFCLIFE | 2016-03 | ROE difference = 14.93% | Category: FORMULA_DISCREPANCY
HDFCLIFE | 2017-03 | ROCE difference = 769.06% | Category: VERSION_DIFFERENCE
HDFCLIFE | 2017-03 | ROE difference = 11.78% | Category: FORMULA_DISCREPANCY
HDFCLIFE | 2018-03 | ROCE difference = 656.28% | Category: VERSION_DIFFERENCE
HDFCLIFE | 2018-03 | ROE difference = 12.13% | Category: FORMULA_DISCREPANCY
HDFCLIFE | 2019-03 | ROCE difference = 660.58% | Category: VERSION_DIFFERENCE
HDFCLIFE | 2019-03 | ROE difference = 11.25% | Category: FORMULA_DISCREPANCY
HDFCLIFE | 2020-03 | ROCE difference = 408.30% | Category: VERSION_DIFFERENCE
HDFCLIFE | 2020-03 | ROE difference = 7.65% | Category: FORMULA_DISCREPANCY
HDFCLIFE | 2021-03 | ROCE difference = 754.17% | Category: VERSION_DIFFERENCE
HDFCLIFE | 2022-03 | ROCE difference = 402.60% | Category: VERSION_DIFFERENCE
HDFCLIFE | 2023-03 | ROCE difference = 496.34% | Category: VERSION_DIFFERENCE
HDFCLIFE | 2024-03 | ROCE difference = 639.86% | Category: VERSION_DIFFERENCE
HEROMOTOCO | 2014-03 | ROCE difference = 338.87% | Category: VERSION_DIFFERENCE
HEROMOTOCO | 2014-03 | ROE difference = 15.38% | Category: FORMULA_DISCREPANCY
HEROMOTOCO | 2015-03 | ROCE difference = 332.81% | Category: VERSION_DIFFERENCE
HEROMOTOCO | 2015-03 | ROE difference = 14.15% | Category: FORMULA_DISCREPANCY
HEROMOTOCO | 2016-03 | ROCE difference = 236.17% | Category: VERSION_DIFFERENCE
HEROMOTOCO | 2016-03 | ROE difference = 13.23% | Category: FORMULA_DISCREPANCY
HEROMOTOCO | 2017-03 | ROCE difference = 198.20% | Category: VERSION_DIFFERENCE
HEROMOTOCO | 2017-03 | ROE difference = 12.37% | Category: FORMULA_DISCREPANCY
HEROMOTOCO | 2018-03 | ROCE difference = 193.36% | Category: VERSION_DIFFERENCE
HEROMOTOCO | 2018-03 | ROE difference = 9.09% | Category: FORMULA_DISCREPANCY
HEROMOTOCO | 2019-03 | ROCE difference = 186.51% | Category: VERSION_DIFFERENCE
HEROMOTOCO | 2020-03 | ROCE difference = 140.48% | Category: VERSION_DIFFERENCE
HEROMOTOCO | 2021-03 | ROCE difference = 139.12% | Category: VERSION_DIFFERENCE
HEROMOTOCO | 2022-03 | ROCE difference = 130.80% | Category: VERSION_DIFFERENCE
HEROMOTOCO | 2022-03 | ROE difference = 7.30% | Category: FORMULA_DISCREPANCY
HEROMOTOCO | 2023-03 | ROCE difference = 145.49% | Category: VERSION_DIFFERENCE
HEROMOTOCO | 2023-03 | ROE difference = 5.19% | Category: FORMULA_DISCREPANCY
HEROMOTOCO | 2024-03 | ROCE difference = 148.82% | Category: VERSION_DIFFERENCE
HINDALCO | 2013-03 | ROCE difference = 67.27% | Category: VERSION_DIFFERENCE
HINDALCO | 2014-03 | ROCE difference = 64.33% | Category: VERSION_DIFFERENCE
HINDALCO | 2015-03 | ROCE difference = 78.07% | Category: VERSION_DIFFERENCE
HINDALCO | 2015-03 | ROE difference = 9.52% | Category: FORMULA_DISCREPANCY
HINDALCO | 2016-03 | ROCE difference = 72.82% | Category: VERSION_DIFFERENCE
HINDALCO | 2016-03 | ROE difference = 11.93% | Category: FORMULA_DISCREPANCY
HINDALCO | 2017-03 | ROCE difference = 68.68% | Category: VERSION_DIFFERENCE
HINDALCO | 2017-03 | ROE difference = 6.11% | Category: FORMULA_DISCREPANCY
HINDALCO | 2018-03 | ROCE difference = 83.63% | Category: VERSION_DIFFERENCE
HINDALCO | 2019-03 | ROCE difference = 93.36% | Category: VERSION_DIFFERENCE
HINDALCO | 2020-03 | ROCE difference = 70.65% | Category: VERSION_DIFFERENCE
HINDALCO | 2021-03 | ROCE difference = 74.29% | Category: VERSION_DIFFERENCE
HINDALCO | 2022-03 | ROCE difference = 105.56% | Category: VERSION_DIFFERENCE
HINDALCO | 2022-03 | ROE difference = 7.36% | Category: FORMULA_DISCREPANCY
HINDALCO | 2023-03 | ROCE difference = 118.00% | Category: VERSION_DIFFERENCE
HINDALCO | 2024-03 | ROCE difference = 106.91% | Category: VERSION_DIFFERENCE
HINDUNILVR | 2013-03 | ROCE difference = 761.73% | Category: VERSION_DIFFERENCE
HINDUNILVR | 2013-03 | ROE difference = 113.80% | Category: VERSION_DIFFERENCE
HINDUNILVR | 2014-03 | ROCE difference = 656.33% | Category: VERSION_DIFFERENCE
HINDUNILVR | 2014-03 | ROE difference = 91.65% | Category: VERSION_DIFFERENCE
HINDUNILVR | 2015-03 | ROCE difference = 625.80% | Category: VERSION_DIFFERENCE
HINDUNILVR | 2015-03 | ROE difference = 88.47% | Category: VERSION_DIFFERENCE
HINDUNILVR | 2016-03 | ROCE difference = 362.34% | Category: VERSION_DIFFERENCE
HINDUNILVR | 2016-03 | ROE difference = 42.95% | Category: VERSION_DIFFERENCE
HINDUNILVR | 2017-03 | ROCE difference = 355.27% | Category: VERSION_DIFFERENCE
HINDUNILVR | 2017-03 | ROE difference = 46.38% | Category: VERSION_DIFFERENCE
HINDUNILVR | 2018-03 | ROCE difference = 358.28% | Category: VERSION_DIFFERENCE
HINDUNILVR | 2018-03 | ROE difference = 51.59% | Category: VERSION_DIFFERENCE
HINDUNILVR | 2019-03 | ROCE difference = 355.09% | Category: VERSION_DIFFERENCE
HINDUNILVR | 2019-03 | ROE difference = 56.83% | Category: VERSION_DIFFERENCE
HINDUNILVR | 2020-03 | ROCE difference = 336.72% | Category: VERSION_DIFFERENCE
HINDUNILVR | 2020-03 | ROE difference = 61.90% | Category: VERSION_DIFFERENCE
HINDUNILVR | 2021-03 | ROCE difference = 47.11% | Category: VERSION_DIFFERENCE
HINDUNILVR | 2022-03 | ROCE difference = 51.86% | Category: VERSION_DIFFERENCE
HINDUNILVR | 2023-03 | ROCE difference = 62.97% | Category: VERSION_DIFFERENCE
HINDUNILVR | 2024-03 | ROCE difference = 62.48% | Category: VERSION_DIFFERENCE
ICICIBANK | 2016-03 | ROE difference = 7.19% | Category: FORMULA_DISCREPANCY
ICICIBANK | 2017-03 | ROE difference = 7.96% | Category: FORMULA_DISCREPANCY
ICICIBANK | 2018-03 | ROE difference = 10.57% | Category: FORMULA_DISCREPANCY
ICICIBANK | 2019-03 | ROE difference = 13.82% | Category: FORMULA_DISCREPANCY
ICICIBANK | 2020-03 | ROE difference = 9.67% | Category: FORMULA_DISCREPANCY
ICICIBANK | 2021-03 | ROE difference = 5.88% | Category: FORMULA_DISCREPANCY
ICICIGI | 2013-03 | ROCE difference = 201.40% | Category: VERSION_DIFFERENCE
ICICIGI | 2014-03 | ROCE difference = 168.52% | Category: VERSION_DIFFERENCE
ICICIGI | 2015-03 | ROCE difference = 131.73% | Category: VERSION_DIFFERENCE
ICICIGI | 2016-03 | ROCE difference = 140.68% | Category: VERSION_DIFFERENCE
ICICIGI | 2017-03 | ROCE difference = 128.28% | Category: VERSION_DIFFERENCE
ICICIGI | 2018-03 | ROCE difference = 120.16% | Category: VERSION_DIFFERENCE
ICICIGI | 2019-03 | ROCE difference = 139.08% | Category: VERSION_DIFFERENCE
ICICIGI | 2020-03 | ROCE difference = 124.95% | Category: VERSION_DIFFERENCE
ICICIGI | 2021-03 | ROCE difference = 102.52% | Category: VERSION_DIFFERENCE
ICICIGI | 2022-03 | ROCE difference = 136.43% | Category: VERSION_DIFFERENCE
ICICIGI | 2023-03 | ROCE difference = 136.09% | Category: VERSION_DIFFERENCE
ICICIGI | 2024-03 | ROCE difference = 123.93% | Category: VERSION_DIFFERENCE
ICICIPRULI | 2013-03 | ROCE difference = 478.10% | Category: VERSION_DIFFERENCE
ICICIPRULI | 2013-03 | ROE difference = 30.18% | Category: VERSION_DIFFERENCE
ICICIPRULI | 2014-03 | ROCE difference = 456.48% | Category: VERSION_DIFFERENCE
ICICIPRULI | 2014-03 | ROE difference = 27.54% | Category: VERSION_DIFFERENCE
ICICIPRULI | 2015-03 | ROCE difference = 614.29% | Category: VERSION_DIFFERENCE
ICICIPRULI | 2015-03 | ROE difference = 23.08% | Category: VERSION_DIFFERENCE
ICICIPRULI | 2016-03 | ROCE difference = 290.64% | Category: VERSION_DIFFERENCE
ICICIPRULI | 2016-03 | ROE difference = 22.93% | Category: VERSION_DIFFERENCE
ICICIPRULI | 2017-03 | ROCE difference = 553.46% | Category: VERSION_DIFFERENCE
ICICIPRULI | 2017-03 | ROE difference = 18.19% | Category: FORMULA_DISCREPANCY
ICICIPRULI | 2018-03 | ROCE difference = 555.09% | Category: VERSION_DIFFERENCE
ICICIPRULI | 2018-03 | ROE difference = 16.56% | Category: FORMULA_DISCREPANCY
ICICIPRULI | 2019-03 | ROCE difference = 586.84% | Category: VERSION_DIFFERENCE
ICICIPRULI | 2019-03 | ROE difference = 8.51% | Category: FORMULA_DISCREPANCY
ICICIPRULI | 2020-03 | ROCE difference = 287.13% | Category: VERSION_DIFFERENCE
ICICIPRULI | 2020-03 | ROE difference = 6.72% | Category: FORMULA_DISCREPANCY
ICICIPRULI | 2021-03 | ROCE difference = 801.92% | Category: VERSION_DIFFERENCE
ICICIPRULI | 2022-03 | ROCE difference = 625.78% | Category: VERSION_DIFFERENCE
ICICIPRULI | 2023-03 | ROCE difference = 453.89% | Category: VERSION_DIFFERENCE
ICICIPRULI | 2024-03 | ROCE difference = 746.14% | Category: VERSION_DIFFERENCE
INDIGO | 2013-03 | ROCE difference = 54241.73% | Category: VERSION_DIFFERENCE
INDIGO | 2014-03 | ROCE difference = 58062.46% | Category: VERSION_DIFFERENCE
INDIGO | 2015-03 | ROCE difference = 39567.61% | Category: VERSION_DIFFERENCE
INDIGO | 2016-03 | ROCE difference = 9434.02% | Category: VERSION_DIFFERENCE
INDIGO | 2017-03 | ROCE difference = 10891.50% | Category: VERSION_DIFFERENCE
INDIGO | 2018-03 | ROCE difference = 12965.11% | Category: VERSION_DIFFERENCE
INDIGO | 2019-03 | ROCE difference = 13176.88% | Category: VERSION_DIFFERENCE
INDIGO | 2020-03 | ROCE difference = 12455.03% | Category: VERSION_DIFFERENCE
INDIGO | 2021-03 | ROCE difference = 2530.12% | Category: VERSION_DIFFERENCE
INDIGO | 2022-03 | ROCE difference = 3808.58% | Category: VERSION_DIFFERENCE
INDIGO | 2023-03 | ROCE difference = 6051.29% | Category: VERSION_DIFFERENCE
INDIGO | 2024-03 | ROCE difference = 5618.95% | Category: VERSION_DIFFERENCE
INDUSINDBK | 2013-03 | ROCE difference = 5.19% | Category: FORMULA_DISCREPANCY
INDUSINDBK | 2021-03 | ROE difference = 8.66% | Category: FORMULA_DISCREPANCY
INDUSINDBK | 2022-03 | ROE difference = 5.53% | Category: FORMULA_DISCREPANCY
INFY | 2013-03 | ROE difference = 6.98% | Category: FORMULA_DISCREPANCY
INFY | 2014-03 | ROE difference = 7.87% | Category: FORMULA_DISCREPANCY
INFY | 2015-03 | ROE difference = 7.41% | Category: FORMULA_DISCREPANCY
INFY | 2016-03 | ROCE difference = 7.29% | Category: FORMULA_DISCREPANCY
INFY | 2016-03 | ROE difference = 9.95% | Category: FORMULA_DISCREPANCY
INFY | 2017-03 | ROCE difference = 8.61% | Category: FORMULA_DISCREPANCY
INFY | 2017-03 | ROE difference = 10.99% | Category: FORMULA_DISCREPANCY
INFY | 2018-03 | ROCE difference = 5.91% | Category: FORMULA_DISCREPANCY
INFY | 2018-03 | ROE difference = 7.11% | Category: FORMULA_DISCREPANCY
INFY | 2019-03 | ROE difference = 8.07% | Category: FORMULA_DISCREPANCY
INFY | 2020-03 | ROE difference = 6.38% | Category: FORMULA_DISCREPANCY
INFY | 2021-03 | ROE difference = 6.36% | Category: FORMULA_DISCREPANCY
INFY | 2023-03 | ROCE difference = 5.20% | Category: FORMULA_DISCREPANCY
IOC | 2013-03 | ROCE difference = 9.94% | Category: FORMULA_DISCREPANCY
IOC | 2013-03 | ROE difference = 19.69% | Category: FORMULA_DISCREPANCY
IOC | 2014-03 | ROCE difference = 7.62% | Category: FORMULA_DISCREPANCY
IOC | 2014-03 | ROE difference = 15.18% | Category: FORMULA_DISCREPANCY
IOC | 2015-03 | ROCE difference = 9.02% | Category: FORMULA_DISCREPANCY
IOC | 2015-03 | ROE difference = 18.36% | Category: FORMULA_DISCREPANCY
IOC | 2016-03 | ROE difference = 11.64% | Category: FORMULA_DISCREPANCY
IOC | 2017-03 | ROE difference = 5.47% | Category: FORMULA_DISCREPANCY
IOC | 2018-03 | ROE difference = 5.57% | Category: FORMULA_DISCREPANCY
IOC | 2019-03 | ROE difference = 10.08% | Category: FORMULA_DISCREPANCY
IOC | 2020-03 | ROCE difference = 17.36% | Category: FORMULA_DISCREPANCY
IOC | 2020-03 | ROE difference = 27.41% | Category: VERSION_DIFFERENCE
IOC | 2021-03 | ROE difference = 5.98% | Category: FORMULA_DISCREPANCY
IOC | 2022-03 | ROE difference = 6.17% | Category: FORMULA_DISCREPANCY
IOC | 2023-03 | ROCE difference = 8.91% | Category: FORMULA_DISCREPANCY
IOC | 2023-03 | ROE difference = 17.06% | Category: FORMULA_DISCREPANCY
IRCTC | 2015-03 | ROE difference = 10.90% | Category: FORMULA_DISCREPANCY
IRCTC | 2016-03 | ROCE difference = 6.90% | Category: FORMULA_DISCREPANCY
IRCTC | 2016-03 | ROE difference = 5.53% | Category: FORMULA_DISCREPANCY
IRCTC | 2017-03 | ROCE difference = 5.39% | Category: FORMULA_DISCREPANCY
IRCTC | 2017-03 | ROE difference = 11.30% | Category: FORMULA_DISCREPANCY
IRCTC | 2018-03 | ROCE difference = 14.74% | Category: FORMULA_DISCREPANCY
IRCTC | 2018-03 | ROE difference = 17.26% | Category: FORMULA_DISCREPANCY
IRCTC | 2019-03 | ROCE difference = 6.27% | Category: FORMULA_DISCREPANCY
IRCTC | 2019-03 | ROE difference = 11.55% | Category: FORMULA_DISCREPANCY
IRCTC | 2020-03 | ROCE difference = 5.56% | Category: FORMULA_DISCREPANCY
IRCTC | 2021-03 | ROCE difference = 33.47% | Category: VERSION_DIFFERENCE
IRCTC | 2021-03 | ROE difference = 27.56% | Category: VERSION_DIFFERENCE
IRCTC | 2022-03 | ROCE difference = 5.90% | Category: FORMULA_DISCREPANCY
IRCTC | 2022-03 | ROE difference = 5.11% | Category: FORMULA_DISCREPANCY
IRCTC | 2024-03 | ROCE difference = 6.02% | Category: FORMULA_DISCREPANCY
IRCTC | 2024-03 | ROE difference = 6.00% | Category: FORMULA_DISCREPANCY
IRFC | 2013-03 | ROE difference = 5.54% | Category: FORMULA_DISCREPANCY
IRFC | 2016-03 | ROE difference = 6.33% | Category: FORMULA_DISCREPANCY
IRFC | 2017-03 | ROE difference = 5.92% | Category: FORMULA_DISCREPANCY
ITC | 2013-03 | ROCE difference = 17.14% | Category: FORMULA_DISCREPANCY
ITC | 2014-03 | ROCE difference = 16.36% | Category: FORMULA_DISCREPANCY
ITC | 2015-03 | ROCE difference = 13.61% | Category: FORMULA_DISCREPANCY
ITC | 2016-03 | ROE difference = 7.21% | Category: FORMULA_DISCREPANCY
ITC | 2017-03 | ROE difference = 6.90% | Category: FORMULA_DISCREPANCY
ITC | 2018-03 | ROE difference = 7.58% | Category: FORMULA_DISCREPANCY
ITC | 2019-03 | ROE difference = 7.77% | Category: FORMULA_DISCREPANCY
ITC | 2020-03 | ROE difference = 5.58% | Category: FORMULA_DISCREPANCY
ITC | 2021-03 | ROE difference = 7.29% | Category: FORMULA_DISCREPANCY
ITC | 2023-03 | ROCE difference = 5.27% | Category: FORMULA_DISCREPANCY
JINDALSTEL | 2014-03 | ROE difference = 5.71% | Category: FORMULA_DISCREPANCY
JINDALSTEL | 2015-03 | ROCE difference = 7.09% | Category: FORMULA_DISCREPANCY
JINDALSTEL | 2015-03 | ROE difference = 21.00% | Category: VERSION_DIFFERENCE
JINDALSTEL | 2016-03 | ROCE difference = 8.96% | Category: FORMULA_DISCREPANCY
JINDALSTEL | 2016-03 | ROE difference = 23.62% | Category: VERSION_DIFFERENCE
JINDALSTEL | 2017-03 | ROCE difference = 7.47% | Category: FORMULA_DISCREPANCY
JINDALSTEL | 2017-03 | ROE difference = 22.55% | Category: VERSION_DIFFERENCE
JINDALSTEL | 2018-03 | ROCE difference = 5.18% | Category: FORMULA_DISCREPANCY
JINDALSTEL | 2018-03 | ROE difference = 19.42% | Category: FORMULA_DISCREPANCY
JINDALSTEL | 2019-03 | ROE difference = 21.62% | Category: VERSION_DIFFERENCE
JINDALSTEL | 2020-03 | ROE difference = 15.34% | Category: FORMULA_DISCREPANCY
JINDALSTEL | 2021-03 | ROCE difference = 5.02% | Category: FORMULA_DISCREPANCY
JINDALSTEL | 2022-03 | ROCE difference = 14.64% | Category: FORMULA_DISCREPANCY
JSWENERGY | 2013-03 | ROCE difference = 8.36% | Category: FORMULA_DISCREPANCY
JSWENERGY | 2013-03 | ROE difference = 6.12% | Category: FORMULA_DISCREPANCY
JSWENERGY | 2014-03 | ROCE difference = 9.85% | Category: FORMULA_DISCREPANCY
JSWENERGY | 2015-03 | ROCE difference = 14.13% | Category: FORMULA_DISCREPANCY
JSWENERGY | 2015-03 | ROE difference = 9.66% | Category: FORMULA_DISCREPANCY
JSWENERGY | 2016-03 | ROCE difference = 9.19% | Category: FORMULA_DISCREPANCY
JSWENERGY | 2016-03 | ROE difference = 6.65% | Category: FORMULA_DISCREPANCY
JSWENERGY | 2017-03 | ROCE difference = 5.75% | Category: FORMULA_DISCREPANCY
JSWENERGY | 2018-03 | ROE difference = 7.63% | Category: FORMULA_DISCREPANCY
JSWENERGY | 2019-03 | ROCE difference = 5.95% | Category: FORMULA_DISCREPANCY
JSWENERGY | 2020-03 | ROCE difference = 6.92% | Category: FORMULA_DISCREPANCY
JSWENERGY | 2021-03 | ROCE difference = 5.23% | Category: FORMULA_DISCREPANCY
JSWENERGY | 2022-03 | ROCE difference = 7.14% | Category: FORMULA_DISCREPANCY
JSWSTEEL | 2013-03 | ROE difference = 6.22% | Category: FORMULA_DISCREPANCY
JSWSTEEL | 2014-03 | ROE difference = 9.76% | Category: FORMULA_DISCREPANCY
JSWSTEEL | 2016-03 | ROCE difference = 6.08% | Category: FORMULA_DISCREPANCY
JSWSTEEL | 2016-03 | ROE difference = 14.20% | Category: FORMULA_DISCREPANCY
JSWSTEEL | 2017-03 | ROCE difference = 5.32% | Category: FORMULA_DISCREPANCY
JSWSTEEL | 2018-03 | ROCE difference = 8.51% | Category: FORMULA_DISCREPANCY
JSWSTEEL | 2018-03 | ROE difference = 10.17% | Category: FORMULA_DISCREPANCY
JSWSTEEL | 2019-03 | ROCE difference = 9.91% | Category: FORMULA_DISCREPANCY
JSWSTEEL | 2019-03 | ROE difference = 9.96% | Category: FORMULA_DISCREPANCY
JSWSTEEL | 2021-03 | ROCE difference = 5.56% | Category: FORMULA_DISCREPANCY
JSWSTEEL | 2021-03 | ROE difference = 5.18% | Category: FORMULA_DISCREPANCY
JSWSTEEL | 2022-03 | ROCE difference = 15.82% | Category: FORMULA_DISCREPANCY
JSWSTEEL | 2022-03 | ROE difference = 19.45% | Category: FORMULA_DISCREPANCY
JSWSTEEL | 2023-03 | ROE difference = 5.36% | Category: FORMULA_DISCREPANCY
LICI | 2019-03 | ROCE difference = 60.63% | Category: VERSION_DIFFERENCE
LICI | 2019-03 | ROE difference = 260.71% | Category: VERSION_DIFFERENCE
LICI | 2020-03 | ROCE difference = 58.32% | Category: VERSION_DIFFERENCE
LICI | 2020-03 | ROE difference = 206.85% | Category: VERSION_DIFFERENCE
LICI | 2021-03 | ROCE difference = 118.67% | Category: VERSION_DIFFERENCE
LICI | 2021-03 | ROE difference = 20.41% | Category: VERSION_DIFFERENCE
LICI | 2022-03 | ROCE difference = 47.10% | Category: VERSION_DIFFERENCE
LICI | 2022-03 | ROE difference = 27.23% | Category: VERSION_DIFFERENCE
LICI | 2023-03 | ROCE difference = 27.07% | Category: VERSION_DIFFERENCE
LICI | 2023-03 | ROE difference = 14.25% | Category: FORMULA_DISCREPANCY
LICI | 2024-03 | ROCE difference = 6.26% | Category: FORMULA_DISCREPANCY
LICI | 2024-03 | ROE difference = 14.16% | Category: FORMULA_DISCREPANCY
LODHA | 2011-03 | ROE difference = 24.78% | Category: VERSION_DIFFERENCE
LODHA | 2012-03 | ROE difference = 23.14% | Category: VERSION_DIFFERENCE
LODHA | 2015-03 | ROE difference = 13.53% | Category: FORMULA_DISCREPANCY
LODHA | 2016-03 | ROE difference = 6.99% | Category: FORMULA_DISCREPANCY
LODHA | 2019-03 | ROE difference = 32.10% | Category: VERSION_DIFFERENCE
LODHA | 2020-03 | ROE difference = 5.60% | Category: FORMULA_DISCREPANCY
LODHA | 2021-03 | ROCE difference = 5.65% | Category: FORMULA_DISCREPANCY
LODHA | 2021-03 | ROE difference = 9.66% | Category: FORMULA_DISCREPANCY
LODHA | 2023-03 | ROCE difference = 6.37% | Category: FORMULA_DISCREPANCY
LODHA | 2023-03 | ROE difference = 6.83% | Category: FORMULA_DISCREPANCY
LT | 2013-03 | ROCE difference = 867.56% | Category: VERSION_DIFFERENCE
LT | 2013-03 | ROE difference = 384.66% | Category: VERSION_DIFFERENCE
LT | 2014-03 | ROCE difference = 879.51% | Category: VERSION_DIFFERENCE
LT | 2014-03 | ROE difference = 292.93% | Category: VERSION_DIFFERENCE
LT | 2015-03 | ROCE difference = 745.12% | Category: VERSION_DIFFERENCE
LT | 2015-03 | ROE difference = 234.62% | Category: VERSION_DIFFERENCE
LT | 2016-03 | ROCE difference = 749.10% | Category: VERSION_DIFFERENCE
LT | 2016-03 | ROE difference = 205.60% | Category: VERSION_DIFFERENCE
LT | 2017-03 | ROCE difference = 558.07% | Category: VERSION_DIFFERENCE
LT | 2017-03 | ROE difference = 195.81% | Category: VERSION_DIFFERENCE
LT | 2018-03 | ROCE difference = 541.78% | Category: VERSION_DIFFERENCE
LT | 2018-03 | ROE difference = 196.87% | Category: VERSION_DIFFERENCE
LT | 2019-03 | ROCE difference = 505.34% | Category: VERSION_DIFFERENCE
LT | 2019-03 | ROE difference = 198.32% | Category: VERSION_DIFFERENCE
LT | 2020-03 | ROCE difference = 419.30% | Category: VERSION_DIFFERENCE
LT | 2020-03 | ROE difference = 191.10% | Category: VERSION_DIFFERENCE
LT | 2021-03 | ROCE difference = 372.49% | Category: VERSION_DIFFERENCE
LT | 2021-03 | ROE difference = 166.41% | Category: VERSION_DIFFERENCE
LT | 2022-03 | ROCE difference = 166.22% | Category: VERSION_DIFFERENCE
LT | 2022-03 | ROE difference = 62.43% | Category: VERSION_DIFFERENCE
LT | 2023-03 | ROCE difference = 148.58% | Category: VERSION_DIFFERENCE
LT | 2023-03 | ROE difference = 65.03% | Category: VERSION_DIFFERENCE
LT | 2024-03 | ROCE difference = 135.44% | Category: VERSION_DIFFERENCE
LT | 2024-03 | ROE difference = 67.18% | Category: VERSION_DIFFERENCE
LTIM | 2013-03 | ROCE difference = 22.61% | Category: VERSION_DIFFERENCE
LTIM | 2013-03 | ROE difference = 15.93% | Category: FORMULA_DISCREPANCY
LTIM | 2014-03 | ROCE difference = 45.20% | Category: VERSION_DIFFERENCE
LTIM | 2014-03 | ROE difference = 35.82% | Category: VERSION_DIFFERENCE
LTIM | 2015-03 | ROCE difference = 15.10% | Category: FORMULA_DISCREPANCY
LTIM | 2015-03 | ROE difference = 11.92% | Category: FORMULA_DISCREPANCY
LTIM | 2016-03 | ROCE difference = 21.63% | Category: VERSION_DIFFERENCE
LTIM | 2016-03 | ROE difference = 13.30% | Category: FORMULA_DISCREPANCY
LTIM | 2017-03 | ROCE difference = 10.97% | Category: FORMULA_DISCREPANCY
LTIM | 2018-03 | ROCE difference = 7.69% | Category: FORMULA_DISCREPANCY
LTIM | 2019-03 | ROCE difference = 10.56% | Category: FORMULA_DISCREPANCY
LTIM | 2022-03 | ROCE difference = 7.25% | Category: FORMULA_DISCREPANCY
M&M | 2013-03 | ROCE difference = 6.52% | Category: FORMULA_DISCREPANCY
M&M | 2014-03 | ROCE difference = 8.27% | Category: FORMULA_DISCREPANCY
M&M | 2015-03 | ROCE difference = 11.94% | Category: FORMULA_DISCREPANCY
M&M | 2016-03 | ROCE difference = 10.11% | Category: FORMULA_DISCREPANCY
M&M | 2017-03 | ROCE difference = 10.67% | Category: FORMULA_DISCREPANCY
M&M | 2018-03 | ROCE difference = 8.00% | Category: FORMULA_DISCREPANCY
M&M | 2019-03 | ROCE difference = 10.84% | Category: FORMULA_DISCREPANCY
M&M | 2020-03 | ROCE difference = 17.93% | Category: FORMULA_DISCREPANCY
M&M | 2020-03 | ROE difference = 18.79% | Category: FORMULA_DISCREPANCY
M&M | 2021-03 | ROCE difference = 16.64% | Category: FORMULA_DISCREPANCY
M&M | 2021-03 | ROE difference = 14.35% | Category: FORMULA_DISCREPANCY
M&M | 2022-03 | ROCE difference = 12.64% | Category: FORMULA_DISCREPANCY
M&M | 2023-03 | ROCE difference = 10.67% | Category: FORMULA_DISCREPANCY
M&M | 2024-03 | ROCE difference = 10.86% | Category: FORMULA_DISCREPANCY
MARUTI | 2015-03 | ROCE difference = 7.19% | Category: FORMULA_DISCREPANCY
MARUTI | 2016-03 | ROCE difference = 10.33% | Category: FORMULA_DISCREPANCY
MARUTI | 2017-03 | ROCE difference = 10.46% | Category: FORMULA_DISCREPANCY
MARUTI | 2018-03 | ROCE difference = 9.77% | Category: FORMULA_DISCREPANCY
MARUTI | 2019-03 | ROCE difference = 5.37% | Category: FORMULA_DISCREPANCY
MARUTI | 2021-03 | ROCE difference = 7.73% | Category: FORMULA_DISCREPANCY
MARUTI | 2021-03 | ROE difference = 7.39% | Category: FORMULA_DISCREPANCY
MARUTI | 2022-03 | ROCE difference = 10.02% | Category: FORMULA_DISCREPANCY
MARUTI | 2022-03 | ROE difference = 8.74% | Category: FORMULA_DISCREPANCY
MOTHERSON | 2013-03 | ROCE difference = 11.30% | Category: FORMULA_DISCREPANCY
MOTHERSON | 2013-03 | ROE difference = 7.95% | Category: FORMULA_DISCREPANCY
MOTHERSON | 2014-03 | ROCE difference = 21.02% | Category: VERSION_DIFFERENCE
MOTHERSON | 2014-03 | ROE difference = 25.27% | Category: VERSION_DIFFERENCE
MOTHERSON | 2015-03 | ROCE difference = 22.44% | Category: VERSION_DIFFERENCE
MOTHERSON | 2015-03 | ROE difference = 27.07% | Category: VERSION_DIFFERENCE
MOTHERSON | 2016-03 | ROCE difference = 21.89% | Category: VERSION_DIFFERENCE
MOTHERSON | 2016-03 | ROE difference = 28.55% | Category: VERSION_DIFFERENCE
MOTHERSON | 2017-03 | ROCE difference = 10.56% | Category: FORMULA_DISCREPANCY
MOTHERSON | 2017-03 | ROE difference = 14.46% | Category: FORMULA_DISCREPANCY
MOTHERSON | 2018-03 | ROCE difference = 12.23% | Category: FORMULA_DISCREPANCY
MOTHERSON | 2018-03 | ROE difference = 11.07% | Category: FORMULA_DISCREPANCY
MOTHERSON | 2019-03 | ROCE difference = 11.55% | Category: FORMULA_DISCREPANCY
MOTHERSON | 2019-03 | ROE difference = 7.34% | Category: FORMULA_DISCREPANCY
MOTHERSON | 2020-03 | ROCE difference = 8.01% | Category: FORMULA_DISCREPANCY
MOTHERSON | 2021-03 | ROCE difference = 6.46% | Category: FORMULA_DISCREPANCY
MOTHERSON | 2022-03 | ROE difference = 6.06% | Category: FORMULA_DISCREPANCY
MOTHERSON | 2024-03 | ROCE difference = 6.84% | Category: FORMULA_DISCREPANCY
NAUKRI | 2013-03 | ROCE difference = 20.16% | Category: VERSION_DIFFERENCE
NAUKRI | 2013-03 | ROE difference = 10.06% | Category: FORMULA_DISCREPANCY
NAUKRI | 2014-03 | ROCE difference = 17.90% | Category: FORMULA_DISCREPANCY
NAUKRI | 2014-03 | ROE difference = 6.49% | Category: FORMULA_DISCREPANCY
NAUKRI | 2016-03 | ROCE difference = 9.43% | Category: FORMULA_DISCREPANCY
NAUKRI | 2016-03 | ROE difference = 5.21% | Category: FORMULA_DISCREPANCY
NAUKRI | 2017-03 | ROE difference = 5.14% | Category: FORMULA_DISCREPANCY
NAUKRI | 2018-03 | ROCE difference = 26.65% | Category: VERSION_DIFFERENCE
NAUKRI | 2018-03 | ROE difference = 22.06% | Category: VERSION_DIFFERENCE
NAUKRI | 2019-03 | ROCE difference = 25.67% | Category: VERSION_DIFFERENCE
NAUKRI | 2019-03 | ROE difference = 20.84% | Category: VERSION_DIFFERENCE
NAUKRI | 2020-03 | ROCE difference = 6.47% | Category: FORMULA_DISCREPANCY
NAUKRI | 2020-03 | ROE difference = 13.65% | Category: FORMULA_DISCREPANCY
NAUKRI | 2021-03 | ROCE difference = 26.71% | Category: VERSION_DIFFERENCE
NAUKRI | 2021-03 | ROE difference = 23.84% | Category: VERSION_DIFFERENCE
NAUKRI | 2022-03 | ROCE difference = 78.73% | Category: VERSION_DIFFERENCE
NAUKRI | 2022-03 | ROE difference = 72.27% | Category: VERSION_DIFFERENCE
NESTLEIND | 2013-12 | ROCE difference = 127.94% | Category: VERSION_DIFFERENCE
NESTLEIND | 2013-12 | ROE difference = 88.44% | Category: VERSION_DIFFERENCE
NESTLEIND | 2014-12 | ROCE difference = 111.02% | Category: VERSION_DIFFERENCE
NESTLEIND | 2014-12 | ROE difference = 93.84% | Category: VERSION_DIFFERENCE
NESTLEIND | 2015-12 | ROCE difference = 144.37% | Category: VERSION_DIFFERENCE
NESTLEIND | 2015-12 | ROE difference = 115.62% | Category: VERSION_DIFFERENCE
NESTLEIND | 2016-12 | ROCE difference = 125.40% | Category: VERSION_DIFFERENCE
NESTLEIND | 2016-12 | ROE difference = 105.11% | Category: VERSION_DIFFERENCE
NESTLEIND | 2017-12 | ROCE difference = 119.61% | Category: VERSION_DIFFERENCE
NESTLEIND | 2017-12 | ROE difference = 99.79% | Category: VERSION_DIFFERENCE
NESTLEIND | 2018-12 | ROCE difference = 107.84% | Category: VERSION_DIFFERENCE
NESTLEIND | 2018-12 | ROE difference = 91.86% | Category: VERSION_DIFFERENCE
NESTLEIND | 2019-12 | ROCE difference = 34.84% | Category: VERSION_DIFFERENCE
NESTLEIND | 2019-12 | ROE difference = 33.00% | Category: VERSION_DIFFERENCE
NESTLEIND | 2020-12 | ROCE difference = 30.86% | Category: VERSION_DIFFERENCE
NESTLEIND | 2020-12 | ROE difference = 32.49% | Category: VERSION_DIFFERENCE
NESTLEIND | 2021-12 | ROCE difference = 29.46% | Category: VERSION_DIFFERENCE
NESTLEIND | 2021-12 | ROE difference = 26.77% | Category: VERSION_DIFFERENCE
NESTLEIND | 2022-12 | ROCE difference = 45.76% | Category: VERSION_DIFFERENCE
NESTLEIND | 2022-12 | ROE difference = 38.38% | Category: VERSION_DIFFERENCE
NESTLEIND | 2023-12 | ROCE difference = 17.41% | Category: FORMULA_DISCREPANCY
NESTLEIND | 2023-12 | ROE difference = 13.65% | Category: FORMULA_DISCREPANCY
NESTLEIND | 2024-03 | ROCE difference = 23.37% | Category: VERSION_DIFFERENCE
NESTLEIND | 2024-03 | ROE difference = 17.86% | Category: FORMULA_DISCREPANCY
NHPC | 2015-03 | ROCE difference = 5.44% | Category: FORMULA_DISCREPANCY
NHPC | 2017-03 | ROCE difference = 7.11% | Category: FORMULA_DISCREPANCY
NHPC | 2019-03 | ROCE difference = 5.79% | Category: FORMULA_DISCREPANCY
ONGC | 2013-03 | ROCE difference = 8.57% | Category: FORMULA_DISCREPANCY
ONGC | 2014-03 | ROCE difference = 5.73% | Category: FORMULA_DISCREPANCY
ONGC | 2016-03 | ROE difference = 7.70% | Category: FORMULA_DISCREPANCY
ONGC | 2019-03 | ROCE difference = 6.28% | Category: FORMULA_DISCREPANCY
ONGC | 2020-03 | ROE difference = 8.73% | Category: FORMULA_DISCREPANCY
PFC | 2013-03 | ROCE difference = 6.28% | Category: FORMULA_DISCREPANCY
PFC | 2014-03 | ROCE difference = 5.87% | Category: FORMULA_DISCREPANCY
PFC | 2015-03 | ROCE difference = 6.12% | Category: FORMULA_DISCREPANCY
PFC | 2016-03 | ROCE difference = 6.08% | Category: FORMULA_DISCREPANCY
PFC | 2017-03 | ROCE difference = 7.75% | Category: FORMULA_DISCREPANCY
PFC | 2017-03 | ROE difference = 13.42% | Category: FORMULA_DISCREPANCY
PFC | 2018-03 | ROCE difference = 7.51% | Category: FORMULA_DISCREPANCY
PFC | 2019-03 | ROCE difference = 6.91% | Category: FORMULA_DISCREPANCY
PFC | 2019-03 | ROE difference = 7.33% | Category: FORMULA_DISCREPANCY
PFC | 2020-03 | ROCE difference = 7.77% | Category: FORMULA_DISCREPANCY
PFC | 2021-03 | ROCE difference = 7.20% | Category: FORMULA_DISCREPANCY
PFC | 2021-03 | ROE difference = 6.37% | Category: FORMULA_DISCREPANCY
PFC | 2022-03 | ROCE difference = 6.76% | Category: FORMULA_DISCREPANCY
PFC | 2022-03 | ROE difference = 6.69% | Category: FORMULA_DISCREPANCY
PFC | 2023-03 | ROCE difference = 6.78% | Category: FORMULA_DISCREPANCY
PFC | 2023-03 | ROE difference = 5.68% | Category: FORMULA_DISCREPANCY
PFC | 2024-03 | ROCE difference = 6.47% | Category: FORMULA_DISCREPANCY
PFC | 2024-03 | ROE difference = 6.67% | Category: FORMULA_DISCREPANCY
PIDILITIND | 2013-03 | ROCE difference = 8.04% | Category: FORMULA_DISCREPANCY
PIDILITIND | 2014-03 | ROCE difference = 5.84% | Category: FORMULA_DISCREPANCY
PIDILITIND | 2015-03 | ROCE difference = 5.14% | Category: FORMULA_DISCREPANCY
PIDILITIND | 2016-03 | ROCE difference = 16.44% | Category: FORMULA_DISCREPANCY
PIDILITIND | 2016-03 | ROE difference = 7.79% | Category: FORMULA_DISCREPANCY
PIDILITIND | 2017-03 | ROCE difference = 8.88% | Category: FORMULA_DISCREPANCY
PIDILITIND | 2018-03 | ROCE difference = 10.69% | Category: FORMULA_DISCREPANCY
PIDILITIND | 2019-03 | ROCE difference = 5.53% | Category: FORMULA_DISCREPANCY
PIDILITIND | 2020-03 | ROCE difference = 5.57% | Category: FORMULA_DISCREPANCY
PNB | 2013-03 | ROE difference = 803.60% | Category: VERSION_DIFFERENCE
PNB | 2014-03 | ROE difference = 384.66% | Category: VERSION_DIFFERENCE
PNB | 2015-03 | ROE difference = 214.54% | Category: VERSION_DIFFERENCE
PNB | 2016-03 | ROE difference = 172.26% | Category: VERSION_DIFFERENCE
PNB | 2017-03 | ROE difference = 13.51% | Category: FORMULA_DISCREPANCY
PNB | 2018-03 | ROE difference = 193.07% | Category: VERSION_DIFFERENCE
PNB | 2019-03 | ROE difference = 137.15% | Category: VERSION_DIFFERENCE
PNB | 2021-03 | ROE difference = 21.69% | Category: VERSION_DIFFERENCE
PNB | 2022-03 | ROE difference = 31.17% | Category: VERSION_DIFFERENCE
PNB | 2023-03 | ROE difference = 21.97% | Category: VERSION_DIFFERENCE
PNB | 2024-03 | ROE difference = 52.62% | Category: VERSION_DIFFERENCE
POWERGRID | 2014-03 | ROE difference = 5.89% | Category: FORMULA_DISCREPANCY
POWERGRID | 2015-03 | ROE difference = 5.87% | Category: FORMULA_DISCREPANCY
POWERGRID | 2016-03 | ROE difference = 5.45% | Category: FORMULA_DISCREPANCY
POWERGRID | 2022-03 | ROCE difference = 6.01% | Category: FORMULA_DISCREPANCY
POWERGRID | 2023-03 | ROCE difference = 6.02% | Category: FORMULA_DISCREPANCY
POWERGRID | 2024-03 | ROCE difference = 5.97% | Category: FORMULA_DISCREPANCY
RECLTD | 2018-03 | ROE difference = 8.54% | Category: FORMULA_DISCREPANCY
RECLTD | 2019-03 | ROE difference = 5.58% | Category: FORMULA_DISCREPANCY
RECLTD | 2020-03 | ROE difference = 8.15% | Category: FORMULA_DISCREPANCY
SBILIFE | 2013-03 | ROCE difference = 13.08% | Category: FORMULA_DISCREPANCY
SBILIFE | 2013-03 | ROE difference = 11.03% | Category: FORMULA_DISCREPANCY
SBILIFE | 2014-03 | ROCE difference = 12.28% | Category: FORMULA_DISCREPANCY
SBILIFE | 2014-03 | ROE difference = 9.69% | Category: FORMULA_DISCREPANCY
SBILIFE | 2015-03 | ROCE difference = 10.89% | Category: FORMULA_DISCREPANCY
SBILIFE | 2015-03 | ROE difference = 8.09% | Category: FORMULA_DISCREPANCY
SBILIFE | 2016-03 | ROCE difference = 8.96% | Category: FORMULA_DISCREPANCY
SBILIFE | 2016-03 | ROE difference = 5.83% | Category: FORMULA_DISCREPANCY
SBILIFE | 2017-03 | ROCE difference = 8.54% | Category: FORMULA_DISCREPANCY
SBILIFE | 2017-03 | ROE difference = 5.20% | Category: FORMULA_DISCREPANCY
SBILIFE | 2018-03 | ROCE difference = 9.59% | Category: FORMULA_DISCREPANCY
SBILIFE | 2018-03 | ROE difference = 5.62% | Category: FORMULA_DISCREPANCY
SBILIFE | 2019-03 | ROCE difference = 9.77% | Category: FORMULA_DISCREPANCY
SBILIFE | 2019-03 | ROE difference = 5.52% | Category: FORMULA_DISCREPANCY
SBILIFE | 2020-03 | ROCE difference = 8.30% | Category: FORMULA_DISCREPANCY
SHREECEM | 2013-06 | ROCE difference = 19.26% | Category: FORMULA_DISCREPANCY
SHREECEM | 2013-06 | ROE difference = 13.92% | Category: FORMULA_DISCREPANCY
SHREECEM | 2014-06 | ROCE difference = 10.47% | Category: FORMULA_DISCREPANCY
SHREECEM | 2015-06 | ROCE difference = 8.55% | Category: FORMULA_DISCREPANCY
SHREECEM | 2017-03 | ROCE difference = 17.18% | Category: FORMULA_DISCREPANCY
SHREECEM | 2017-03 | ROE difference = 5.19% | Category: FORMULA_DISCREPANCY
SHREECEM | 2018-03 | ROCE difference = 8.47% | Category: FORMULA_DISCREPANCY
SHREECEM | 2019-03 | ROCE difference = 8.18% | Category: FORMULA_DISCREPANCY
SHREECEM | 2020-03 | ROCE difference = 9.93% | Category: FORMULA_DISCREPANCY
SHREECEM | 2021-03 | ROCE difference = 10.83% | Category: FORMULA_DISCREPANCY
SHREECEM | 2022-03 | ROCE difference = 6.92% | Category: FORMULA_DISCREPANCY
SHREECEM | 2024-03 | ROCE difference = 8.08% | Category: FORMULA_DISCREPANCY
SHRIRAMFIN | 2013-03 | ROCE difference = 5.93% | Category: FORMULA_DISCREPANCY
SHRIRAMFIN | 2014-03 | ROCE difference = 7.05% | Category: FORMULA_DISCREPANCY
SHRIRAMFIN | 2015-03 | ROCE difference = 8.27% | Category: FORMULA_DISCREPANCY
SHRIRAMFIN | 2016-03 | ROCE difference = 8.25% | Category: FORMULA_DISCREPANCY
SHRIRAMFIN | 2017-03 | ROCE difference = 8.24% | Category: FORMULA_DISCREPANCY
SHRIRAMFIN | 2018-03 | ROCE difference = 7.20% | Category: FORMULA_DISCREPANCY
SHRIRAMFIN | 2019-03 | ROCE difference = 7.62% | Category: FORMULA_DISCREPANCY
SHRIRAMFIN | 2020-03 | ROCE difference = 8.13% | Category: FORMULA_DISCREPANCY
SHRIRAMFIN | 2021-03 | ROCE difference = 8.64% | Category: FORMULA_DISCREPANCY
SHRIRAMFIN | 2022-03 | ROCE difference = 8.69% | Category: FORMULA_DISCREPANCY
SHRIRAMFIN | 2022-03 | ROE difference = 5.47% | Category: FORMULA_DISCREPANCY
SHRIRAMFIN | 2023-03 | ROCE difference = 7.06% | Category: FORMULA_DISCREPANCY
SHRIRAMFIN | 2024-03 | ROCE difference = 6.98% | Category: FORMULA_DISCREPANCY
SIEMENS | 2011-09 | ROCE difference = 12.92% | Category: FORMULA_DISCREPANCY
SIEMENS | 2014-09 | ROE difference = 5.32% | Category: FORMULA_DISCREPANCY
SIEMENS | 2015-09 | ROCE difference = 12.15% | Category: FORMULA_DISCREPANCY
SIEMENS | 2016-09 | ROCE difference = 35.57% | Category: VERSION_DIFFERENCE
SIEMENS | 2016-09 | ROE difference = 23.73% | Category: VERSION_DIFFERENCE
SIEMENS | 2018-09 | ROCE difference = 6.24% | Category: FORMULA_DISCREPANCY
SIEMENS | 2018-09 | ROE difference = 8.24% | Category: FORMULA_DISCREPANCY
SIEMENS | 2019-09 | ROE difference = 6.96% | Category: FORMULA_DISCREPANCY
SIEMENS | 2020-09 | ROCE difference = 11.71% | Category: FORMULA_DISCREPANCY
SIEMENS | 2020-09 | ROE difference = 11.00% | Category: FORMULA_DISCREPANCY
SIEMENS | 2021-09 | ROCE difference = 8.47% | Category: FORMULA_DISCREPANCY
SIEMENS | 2021-09 | ROE difference = 8.58% | Category: FORMULA_DISCREPANCY
SIEMENS | 2022-09 | ROCE difference = 5.70% | Category: FORMULA_DISCREPANCY
SIEMENS | 2022-09 | ROE difference = 5.81% | Category: FORMULA_DISCREPANCY
SUNPHARMA | 2013-03 | ROCE difference = 13.48% | Category: FORMULA_DISCREPANCY
SUNPHARMA | 2013-03 | ROE difference = 6.44% | Category: FORMULA_DISCREPANCY
SUNPHARMA | 2014-03 | ROCE difference = 6.58% | Category: FORMULA_DISCREPANCY
SUNPHARMA | 2015-03 | ROCE difference = 6.31% | Category: FORMULA_DISCREPANCY
SUNPHARMA | 2017-03 | ROCE difference = 5.75% | Category: FORMULA_DISCREPANCY
SUNPHARMA | 2018-03 | ROCE difference = 6.01% | Category: FORMULA_DISCREPANCY
SUNPHARMA | 2018-03 | ROE difference = 10.07% | Category: FORMULA_DISCREPANCY
SUNPHARMA | 2019-03 | ROCE difference = 5.52% | Category: FORMULA_DISCREPANCY
SUNPHARMA | 2019-03 | ROE difference = 8.95% | Category: FORMULA_DISCREPANCY
SUNPHARMA | 2020-03 | ROE difference = 7.48% | Category: FORMULA_DISCREPANCY
SUNPHARMA | 2021-03 | ROCE difference = 7.32% | Category: FORMULA_DISCREPANCY
SUNPHARMA | 2021-03 | ROE difference = 11.81% | Category: FORMULA_DISCREPANCY
SUNPHARMA | 2022-03 | ROE difference = 9.64% | Category: FORMULA_DISCREPANCY
TATACONSUM | 2016-03 | ROCE difference = 5.28% | Category: FORMULA_DISCREPANCY
TATACONSUM | 2016-03 | ROE difference = 8.91% | Category: FORMULA_DISCREPANCY
TATAMOTORS | 2013-03 | ROCE difference = 7.06% | Category: FORMULA_DISCREPANCY
TATAMOTORS | 2013-03 | ROE difference = 22.89% | Category: VERSION_DIFFERENCE
TATAMOTORS | 2014-03 | ROCE difference = 7.38% | Category: FORMULA_DISCREPANCY
TATAMOTORS | 2014-03 | ROE difference = 27.98% | Category: VERSION_DIFFERENCE
TATAMOTORS | 2015-03 | ROCE difference = 10.66% | Category: FORMULA_DISCREPANCY
TATAMOTORS | 2015-03 | ROE difference = 24.39% | Category: VERSION_DIFFERENCE
TATAMOTORS | 2016-03 | ROE difference = 34.61% | Category: VERSION_DIFFERENCE
TATAMOTORS | 2017-03 | ROE difference = 36.38% | Category: VERSION_DIFFERENCE
TATAMOTORS | 2018-03 | ROE difference = 39.87% | Category: VERSION_DIFFERENCE
TATAMOTORS | 2019-03 | ROCE difference = 21.32% | Category: VERSION_DIFFERENCE
TATAMOTORS | 2019-03 | ROE difference = 97.13% | Category: VERSION_DIFFERENCE
TATAMOTORS | 2020-03 | ROCE difference = 10.47% | Category: FORMULA_DISCREPANCY
TATAMOTORS | 2020-03 | ROE difference = 68.38% | Category: VERSION_DIFFERENCE
TATAMOTORS | 2021-03 | ROCE difference = 9.37% | Category: FORMULA_DISCREPANCY
TATAMOTORS | 2021-03 | ROE difference = 73.65% | Category: VERSION_DIFFERENCE
TATAMOTORS | 2022-03 | ROCE difference = 5.89% | Category: FORMULA_DISCREPANCY
TATAMOTORS | 2022-03 | ROE difference = 74.78% | Category: VERSION_DIFFERENCE
TATAMOTORS | 2023-03 | ROE difference = 43.46% | Category: VERSION_DIFFERENCE
TATAMOTORS | 2024-03 | ROCE difference = 13.83% | Category: FORMULA_DISCREPANCY
TATAMOTORS | 2024-03 | ROE difference = 11.94% | Category: FORMULA_DISCREPANCY
TATAPOWER | 2013-03 | ROE difference = 10.30% | Category: FORMULA_DISCREPANCY
TATAPOWER | 2014-03 | ROE difference = 11.20% | Category: FORMULA_DISCREPANCY
TATAPOWER | 2015-03 | ROE difference = 8.11% | Category: FORMULA_DISCREPANCY
TATAPOWER | 2023-03 | ROCE difference = 5.14% | Category: FORMULA_DISCREPANCY
TATAPOWER | 2024-03 | ROCE difference = 5.35% | Category: FORMULA_DISCREPANCY
TATASTEEL | 2013-03 | ROE difference = 27.83% | Category: VERSION_DIFFERENCE
TATASTEEL | 2014-03 | ROCE difference = 6.81% | Category: FORMULA_DISCREPANCY
TATASTEEL | 2015-03 | ROE difference = 19.11% | Category: FORMULA_DISCREPANCY
TATASTEEL | 2016-03 | ROE difference = 7.69% | Category: FORMULA_DISCREPANCY
TATASTEEL | 2017-03 | ROE difference = 17.57% | Category: FORMULA_DISCREPANCY
TATASTEEL | 2018-03 | ROCE difference = 14.11% | Category: FORMULA_DISCREPANCY
TATASTEEL | 2018-03 | ROE difference = 22.60% | Category: VERSION_DIFFERENCE
TATASTEEL | 2019-03 | ROCE difference = 11.15% | Category: FORMULA_DISCREPANCY
TATASTEEL | 2019-03 | ROE difference = 6.68% | Category: FORMULA_DISCREPANCY
TATASTEEL | 2021-03 | ROCE difference = 11.83% | Category: FORMULA_DISCREPANCY
TATASTEEL | 2022-03 | ROCE difference = 27.08% | Category: VERSION_DIFFERENCE
TATASTEEL | 2022-03 | ROE difference = 29.93% | Category: VERSION_DIFFERENCE
TATASTEEL | 2023-03 | ROCE difference = 11.00% | Category: FORMULA_DISCREPANCY
TATASTEEL | 2024-03 | ROE difference = 11.88% | Category: FORMULA_DISCREPANCY
TCS | 2013-03 | ROCE difference = 14.87% | Category: FORMULA_DISCREPANCY
TCS | 2013-03 | ROE difference = 36.00% | Category: DATA_SOURCE_ISSUE
TCS | 2014-03 | ROCE difference = 10.17% | Category: FORMULA_DISCREPANCY
TCS | 2014-03 | ROE difference = 38.78% | Category: DATA_SOURCE_ISSUE
TCS | 2015-03 | ROCE difference = 8.99% | Category: FORMULA_DISCREPANCY
TCS | 2015-03 | ROE difference = 39.10% | Category: DATA_SOURCE_ISSUE
TCS | 2016-03 | ROCE difference = 16.96% | Category: FORMULA_DISCREPANCY
TCS | 2016-03 | ROE difference = 33.72% | Category: DATA_SOURCE_ISSUE
TCS | 2017-03 | ROCE difference = 22.07% | Category: VERSION_DIFFERENCE
TCS | 2017-03 | ROE difference = 30.05% | Category: DATA_SOURCE_ISSUE
TCS | 2018-03 | ROCE difference = 21.95% | Category: VERSION_DIFFERENCE
TCS | 2018-03 | ROE difference = 29.88% | Category: DATA_SOURCE_ISSUE
TCS | 2019-03 | ROCE difference = 15.35% | Category: FORMULA_DISCREPANCY
TCS | 2019-03 | ROE difference = 34.77% | Category: DATA_SOURCE_ISSUE
TCS | 2020-03 | ROCE difference = 13.70% | Category: FORMULA_DISCREPANCY
TCS | 2020-03 | ROE difference = 38.05% | Category: DATA_SOURCE_ISSUE
TCS | 2021-03 | ROCE difference = 12.87% | Category: FORMULA_DISCREPANCY
TCS | 2021-03 | ROE difference = 37.15% | Category: DATA_SOURCE_ISSUE
TCS | 2022-03 | ROCE difference = 5.43% | Category: FORMULA_DISCREPANCY
TCS | 2022-03 | ROE difference = 42.61% | Category: DATA_SOURCE_ISSUE
TCS | 2023-03 | ROE difference = 46.26% | Category: DATA_SOURCE_ISSUE
TCS | 2024-03 | ROE difference = 50.42% | Category: DATA_SOURCE_ISSUE
TECHM | 2013-03 | ROCE difference = 6.92% | Category: FORMULA_DISCREPANCY
TECHM | 2013-03 | ROE difference = 15.46% | Category: FORMULA_DISCREPANCY
TECHM | 2014-03 | ROCE difference = 34.37% | Category: VERSION_DIFFERENCE
TECHM | 2014-03 | ROE difference = 24.72% | Category: VERSION_DIFFERENCE
TECHM | 2015-03 | ROCE difference = 21.30% | Category: VERSION_DIFFERENCE
TECHM | 2015-03 | ROE difference = 13.08% | Category: FORMULA_DISCREPANCY
TECHM | 2016-03 | ROCE difference = 18.15% | Category: FORMULA_DISCREPANCY
TECHM | 2016-03 | ROE difference = 12.12% | Category: FORMULA_DISCREPANCY
TECHM | 2017-03 | ROCE difference = 15.95% | Category: FORMULA_DISCREPANCY
TECHM | 2017-03 | ROE difference = 8.72% | Category: FORMULA_DISCREPANCY
TECHM | 2018-03 | ROCE difference = 16.95% | Category: FORMULA_DISCREPANCY
TECHM | 2018-03 | ROE difference = 11.46% | Category: FORMULA_DISCREPANCY
TECHM | 2019-03 | ROCE difference = 18.64% | Category: FORMULA_DISCREPANCY
TECHM | 2019-03 | ROE difference = 12.51% | Category: FORMULA_DISCREPANCY
TECHM | 2020-03 | ROCE difference = 14.37% | Category: FORMULA_DISCREPANCY
TECHM | 2020-03 | ROE difference = 9.24% | Category: FORMULA_DISCREPANCY
TECHM | 2021-03 | ROCE difference = 15.41% | Category: FORMULA_DISCREPANCY
TECHM | 2021-03 | ROE difference = 8.88% | Category: FORMULA_DISCREPANCY
TECHM | 2022-03 | ROCE difference = 19.06% | Category: FORMULA_DISCREPANCY
TECHM | 2022-03 | ROE difference = 12.31% | Category: FORMULA_DISCREPANCY
TECHM | 2023-03 | ROCE difference = 16.56% | Category: FORMULA_DISCREPANCY
TECHM | 2023-03 | ROE difference = 8.76% | Category: FORMULA_DISCREPANCY
TECHM | 2024-03 | ROCE difference = 6.70% | Category: FORMULA_DISCREPANCY
TITAN | 2013-03 | ROCE difference = 33.80% | Category: VERSION_DIFFERENCE
TITAN | 2014-03 | ROCE difference = 12.25% | Category: FORMULA_DISCREPANCY
TITAN | 2015-03 | ROCE difference = 15.62% | Category: FORMULA_DISCREPANCY
TITAN | 2015-03 | ROE difference = 6.44% | Category: FORMULA_DISCREPANCY
TITAN | 2016-03 | ROCE difference = 5.15% | Category: FORMULA_DISCREPANCY
TITAN | 2016-03 | ROE difference = 13.65% | Category: FORMULA_DISCREPANCY
TITAN | 2017-03 | ROE difference = 16.43% | Category: FORMULA_DISCREPANCY
TITAN | 2018-03 | ROE difference = 11.25% | Category: FORMULA_DISCREPANCY
TITAN | 2019-03 | ROE difference = 10.02% | Category: FORMULA_DISCREPANCY
TITAN | 2020-03 | ROE difference = 10.51% | Category: FORMULA_DISCREPANCY
TITAN | 2021-03 | ROCE difference = 8.20% | Category: FORMULA_DISCREPANCY
TITAN | 2021-03 | ROE difference = 19.91% | Category: FORMULA_DISCREPANCY
TITAN | 2022-03 | ROE difference = 9.27% | Category: FORMULA_DISCREPANCY
TITAN | 2023-03 | ROE difference = 5.27% | Category: FORMULA_DISCREPANCY
TORNTPHARM | 2013-03 | ROCE difference = 9.80% | Category: FORMULA_DISCREPANCY
TORNTPHARM | 2013-03 | ROE difference = 6.39% | Category: FORMULA_DISCREPANCY
TORNTPHARM | 2014-03 | ROCE difference = 9.39% | Category: FORMULA_DISCREPANCY
TORNTPHARM | 2014-03 | ROE difference = 10.69% | Category: FORMULA_DISCREPANCY
TORNTPHARM | 2015-03 | ROE difference = 5.95% | Category: FORMULA_DISCREPANCY
TORNTPHARM | 2016-03 | ROCE difference = 24.10% | Category: VERSION_DIFFERENCE
TORNTPHARM | 2016-03 | ROE difference = 25.40% | Category: VERSION_DIFFERENCE
TORNTPHARM | 2018-03 | ROCE difference = 8.33% | Category: FORMULA_DISCREPANCY
TORNTPHARM | 2018-03 | ROE difference = 9.53% | Category: FORMULA_DISCREPANCY
TORNTPHARM | 2019-03 | ROCE difference = 7.56% | Category: FORMULA_DISCREPANCY
TORNTPHARM | 2019-03 | ROE difference = 14.97% | Category: FORMULA_DISCREPANCY
TORNTPHARM | 2022-03 | ROE difference = 11.15% | Category: FORMULA_DISCREPANCY
TORNTPHARM | 2024-03 | ROCE difference = 9.10% | Category: FORMULA_DISCREPANCY
TRENT | 2013-03 | ROCE difference = 19.80% | Category: FORMULA_DISCREPANCY
TRENT | 2013-03 | ROE difference = 29.39% | Category: VERSION_DIFFERENCE
TRENT | 2014-03 | ROCE difference = 17.68% | Category: FORMULA_DISCREPANCY
TRENT | 2014-03 | ROE difference = 29.12% | Category: VERSION_DIFFERENCE
TRENT | 2015-03 | ROCE difference = 6.27% | Category: FORMULA_DISCREPANCY
TRENT | 2015-03 | ROE difference = 18.13% | Category: FORMULA_DISCREPANCY
TRENT | 2016-03 | ROCE difference = 14.36% | Category: FORMULA_DISCREPANCY
TRENT | 2016-03 | ROE difference = 23.44% | Category: VERSION_DIFFERENCE
TRENT | 2017-03 | ROCE difference = 12.71% | Category: FORMULA_DISCREPANCY
TRENT | 2017-03 | ROE difference = 21.71% | Category: VERSION_DIFFERENCE
TRENT | 2018-03 | ROCE difference = 11.97% | Category: FORMULA_DISCREPANCY
TRENT | 2018-03 | ROE difference = 21.75% | Category: VERSION_DIFFERENCE
TRENT | 2019-03 | ROCE difference = 11.14% | Category: FORMULA_DISCREPANCY
TRENT | 2019-03 | ROE difference = 21.43% | Category: VERSION_DIFFERENCE
TRENT | 2020-03 | ROE difference = 22.76% | Category: VERSION_DIFFERENCE
TRENT | 2021-03 | ROCE difference = 11.82% | Category: FORMULA_DISCREPANCY
TRENT | 2021-03 | ROE difference = 35.03% | Category: VERSION_DIFFERENCE
TRENT | 2022-03 | ROCE difference = 13.26% | Category: FORMULA_DISCREPANCY
TRENT | 2022-03 | ROE difference = 25.72% | Category: VERSION_DIFFERENCE
TRENT | 2023-03 | ROE difference = 12.02% | Category: FORMULA_DISCREPANCY
TRENT | 2024-03 | ROCE difference = 27.05% | Category: VERSION_DIFFERENCE
TRENT | 2024-03 | ROE difference = 9.11% | Category: FORMULA_DISCREPANCY
